{MetaLog::Entity GenericEntity65536 header={type=65536,checksum=503320320,id=2,flags=0,length=4} payload={value=15}
{MetaLog::Entity GenericEntity65537 header={type=65537,checksum=436210944,id=3,flags=0,length=4} payload={value=13}
{MetaLog::Entity GenericEntity65538 header={type=65538,checksum=603984384,id=4,flags=0,length=4} payload={value=18}
{MetaLog::Entity GenericEntity65539 header={type=65539,checksum=671093760,id=5,flags=0,length=4} payload={value=20}
{MetaLog::Entity GenericEntity65540 header={type=65540,checksum=603984384,id=6,flags=0,length=4} payload={value=18}
{MetaLog::Entity GenericEntity65541 header={type=65541,checksum=671093760,id=7,flags=0,length=4} payload={value=20}
{MetaLog::Entity GenericEntity65543 header={type=65543,checksum=738203136,id=9,flags=0,length=4} payload={value=22}
{MetaLog::Entity GenericEntity65545 header={type=65545,checksum=570429696,id=11,flags=0,length=4} payload={value=17}
{MetaLog::Entity GenericEntity65546 header={type=65546,checksum=771757824,id=12,flags=0,length=4} payload={value=23}
{MetaLog::Entity GenericEntity65547 header={type=65547,checksum=469765632,id=13,flags=0,length=4} payload={value=14}
{MetaLog::Entity GenericEntity65548 header={type=65548,checksum=536875008,id=14,flags=0,length=4} payload={value=16}
{MetaLog::Entity GenericEntity65549 header={type=65549,checksum=704648448,id=15,flags=0,length=4} payload={value=21}
{MetaLog::Entity GenericEntity65550 header={type=65550,checksum=671093760,id=16,flags=0,length=4} payload={value=20}
{MetaLog::Entity GenericEntity65551 header={type=65551,checksum=570429696,id=17,flags=0,length=4} payload={value=17}
{MetaLog::Entity GenericEntity65552 header={type=65552,checksum=805312512,id=18,flags=0,length=4} payload={value=24}
{MetaLog::Entity GenericEntity65554 header={type=65554,checksum=436210944,id=20,flags=0,length=4} payload={value=13}
{MetaLog::Entity GenericEntity65556 header={type=65556,checksum=570429696,id=22,flags=0,length=4} payload={value=17}
{MetaLog::Entity GenericEntity65557 header={type=65557,checksum=805312512,id=23,flags=0,length=4} payload={value=24}
{MetaLog::Entity GenericEntity65558 header={type=65558,checksum=671093760,id=24,flags=0,length=4} payload={value=20}
{MetaLog::Entity GenericEntity65559 header={type=65559,checksum=503320320,id=25,flags=0,length=4} payload={value=15}
{MetaLog::Entity GenericEntity65560 header={type=65560,checksum=469765632,id=26,flags=0,length=4} payload={value=14}
{MetaLog::Entity GenericEntity65561 header={type=65561,checksum=536875008,id=27,flags=0,length=4} payload={value=16}
{MetaLog::Entity GenericEntity65562 header={type=65562,checksum=637539072,id=28,flags=0,length=4} payload={value=19}
{MetaLog::Entity GenericEntity65564 header={type=65564,checksum=268437504,id=30,flags=0,length=4} payload={value=8}
{MetaLog::Entity GenericEntity65565 header={type=65565,checksum=335546880,id=31,flags=0,length=4} payload={value=10}
{MetaLog::Entity GenericEntity65566 header={type=65566,checksum=503320320,id=32,flags=0,length=4} payload={value=15}
{MetaLog::Entity GenericEntity65567 header={type=65567,checksum=402656256,id=33,flags=0,length=4} payload={value=12}
{MetaLog::Entity GenericEntity65568 header={type=65568,checksum=536875008,id=34,flags=0,length=4} payload={value=16}
