{MetaLog::Entity GenericEntity65536 header={type=65536,checksum=167773440,id=2,flags=0,length=4} payload={value=5}
{MetaLog::Entity GenericEntity65537 header={type=65537,checksum=369101568,id=3,flags=0,length=4} payload={value=11}
{MetaLog::Entity GenericEntity65538 header={type=65538,checksum=268437504,id=4,flags=0,length=4} payload={value=8}
{MetaLog::Entity GenericEntity65539 header={type=65539,checksum=335546880,id=5,flags=0,length=4} payload={value=10}
{MetaLog::Entity GenericEntity65540 header={type=65540,checksum=234882816,id=6,flags=0,length=4} payload={value=7}
{MetaLog::Entity GenericEntity65541 header={type=65541,checksum=301992192,id=7,flags=0,length=4} payload={value=9}
{MetaLog::Entity GenericEntity65543 header={type=65543,checksum=301992192,id=9,flags=0,length=4} payload={value=9}
{MetaLog::Entity GenericEntity65544 header={type=65544,checksum=234882816,id=10,flags=0,length=4} payload={value=7}
{MetaLog::Entity GenericEntity65545 header={type=65545,checksum=335546880,id=11,flags=0,length=4} payload={value=10}
{MetaLog::Entity GenericEntity65546 header={type=65546,checksum=503320320,id=12,flags=0,length=4} payload={value=15}
{MetaLog::Entity GenericEntity65547 header={type=65547,checksum=335546880,id=13,flags=0,length=4} payload={value=10}
{MetaLog::Entity GenericEntity65548 header={type=65548,checksum=234882816,id=14,flags=0,length=4} payload={value=7}
{MetaLog::Entity GenericEntity65549 header={type=65549,checksum=469765632,id=15,flags=0,length=4} payload={value=14}
{MetaLog::Entity GenericEntity65550 header={type=65550,checksum=369101568,id=16,flags=0,length=4} payload={value=11}
{MetaLog::Entity GenericEntity65551 header={type=65551,checksum=301992192,id=17,flags=0,length=4} payload={value=9}
{MetaLog::Entity GenericEntity65552 header={type=65552,checksum=301992192,id=18,flags=0,length=4} payload={value=9}
{MetaLog::Entity GenericEntity65554 header={type=65554,checksum=268437504,id=20,flags=0,length=4} payload={value=8}
{MetaLog::Entity GenericEntity65555 header={type=65555,checksum=335546880,id=21,flags=0,length=4} payload={value=10}
{MetaLog::Entity GenericEntity65556 header={type=65556,checksum=301992192,id=22,flags=0,length=4} payload={value=9}
{MetaLog::Entity GenericEntity65557 header={type=65557,checksum=369101568,id=23,flags=0,length=4} payload={value=11}
{MetaLog::Entity GenericEntity65558 header={type=65558,checksum=369101568,id=24,flags=0,length=4} payload={value=11}
{MetaLog::Entity GenericEntity65559 header={type=65559,checksum=268437504,id=25,flags=0,length=4} payload={value=8}
{MetaLog::Entity GenericEntity65560 header={type=65560,checksum=201328128,id=26,flags=0,length=4} payload={value=6}
{MetaLog::Entity GenericEntity65561 header={type=65561,checksum=201328128,id=27,flags=0,length=4} payload={value=6}
{MetaLog::Entity GenericEntity65562 header={type=65562,checksum=234882816,id=28,flags=0,length=4} payload={value=7}
{MetaLog::Entity GenericEntity65564 header={type=65564,checksum=167773440,id=30,flags=0,length=4} payload={value=5}
{MetaLog::Entity GenericEntity65565 header={type=65565,checksum=167773440,id=31,flags=0,length=4} payload={value=5}
{MetaLog::Entity GenericEntity65566 header={type=65566,checksum=234882816,id=32,flags=0,length=4} payload={value=7}
{MetaLog::Entity GenericEntity65567 header={type=65567,checksum=100664064,id=33,flags=0,length=4} payload={value=3}
{MetaLog::Entity GenericEntity65568 header={type=65568,checksum=335546880,id=34,flags=0,length=4} payload={value=10}
