Log entries:
{ServerJoined: timestamp='2010-12-28 01:20:25.967419000' location='rs8'}
{ServerJoined: timestamp='2010-12-28 01:20:25.967431000' location='rs1'}
{ServerJoined: timestamp='2010-12-28 01:20:25.967441000' location='rs7'}
{ServerJoined: timestamp='2010-12-28 01:20:25.967450000' location='rs3'}
{ServerJoined: timestamp='2010-12-28 01:20:25.967460000' location='rs2'}
{ServerJoined: timestamp='2010-12-28 01:20:25.967469000' location='rs6'}
{ServerJoined: timestamp='2010-12-28 01:20:25.967478000' location='rs4'}
{RangeMoveStarted: timestamp='2010-12-28 01:20:25.967490000' table={TableIdentifier: id='1' generation=0} range={RangeSpec: start='A' end='B'}' transfer_log='/logs/1' soft_limit=1234 location='rs3'}
{ServerLeft: timestamp='2010-12-28 01:20:25.967504000' location='rs3'}
{RangeMoveStarted: timestamp='2010-12-28 01:20:25.967515000' table={TableIdentifier: id='1' generation=0} range={RangeSpec: start='C' end='D'}' transfer_log='/logs/3' soft_limit=3456 location='rs7'}
{ServerLeft: timestamp='2010-12-28 01:20:25.967527000' location='rs1'}
{ServerJoined: timestamp='2010-12-28 01:20:25.967572000' location='rs9'}
{ServerJoined: timestamp='2010-12-28 01:20:25.967581000' location='rs11'}
{ServerJoined: timestamp='2010-12-28 01:20:25.967590000' location='rs12'}
{ServerJoined: timestamp='2010-12-28 01:20:25.967599000' location='rs10'}
{ServerLeft: timestamp='2010-12-28 01:20:25.967608000' location='rs7'}
{RangeMoveStarted: timestamp='2010-12-28 01:20:25.967619000' table={TableIdentifier: id='1' generation=0} range={RangeSpec: start='F' end='G'}' transfer_log='/logs/5' soft_limit=5678 location='rs4'}
{ServerLeft: timestamp='2010-12-28 01:20:25.967630000' location='rs10'}
{MmlRecover: timestamp='2010-12-28 01:20:25.967639000'}
{ServerJoined: timestamp='2010-12-28 01:20:25.967648000' location='rs15'}
{ServerJoined: timestamp='2010-12-28 01:20:25.967657000' location='rs14'}
{ServerJoined: timestamp='2010-12-28 01:20:25.967665000' location='rs16'}
{ServerJoined: timestamp='2010-12-28 01:20:25.967674000' location='rs13'}
{RangeMoveStarted: timestamp='2010-12-28 01:20:25.967692000' table={TableIdentifier: id='1' generation=0} range={RangeSpec: start='H' end='I'}' transfer_log='/logs/7' soft_limit=7891 location='rs16'}
{ServerLeft: timestamp='2010-12-28 01:20:25.967704000' location='rs11'}
{RangeMoveStarted: timestamp='2010-12-28 01:20:25.967715000' table={TableIdentifier: id='1' generation=0} range={RangeSpec: start='I' end='J'}' transfer_log='/logs/8' soft_limit=8912 location='rs13'}
{RangeMoveStarted: timestamp='2010-12-28 01:20:25.967727000' table={TableIdentifier: id='1' generation=0} range={RangeSpec: start='J' end='K'}' transfer_log='/logs/9' soft_limit=9123 location='rs1'}
{RangeMoveLoaded: timestamp='2010-12-28 01:20:25.967740000' table={TableIdentifier: id='1' generation=0} range={RangeSpec: start='I' end='J'}' location='rs13'}
{RangeMoveAcknowledged: timestamp='2010-12-28 01:20:25.967752000' table={TableIdentifier: id='1' generation=0} range={RangeSpec: start='I' end='J'}' location='rs13'}
{ServerRemoved: timestamp='2010-12-28 01:20:25.967771000' location='rs11'}
Range states:
Found recover entry
{ServerStateInfo: location=rs1
  transactions=[
    {ServerJoined: timestamp='2010-12-28 01:20:25.969280000' location='rs1'}
    {ServerLeft: timestamp='2010-12-28 01:20:25.969287000' location='rs1'}
    {RangeMoveStarted: timestamp='2010-12-28 01:20:25.969291000' table={TableIdentifier: id='1' generation=0} range={RangeSpec: start='J' end='K'}' transfer_log='/logs/9' soft_limit=9123 location='rs1'}
  ]
}
{ServerStateInfo: location=rs10
  transactions=[
    {ServerJoined: timestamp='2010-12-28 01:20:25.969299000' location='rs10'}
    {ServerLeft: timestamp='2010-12-28 01:20:25.969303000' location='rs10'}
  ]
}
{ServerStateInfo: location=rs12
  transactions=[
    {ServerJoined: timestamp='2010-12-28 01:20:25.969308000' location='rs12'}
  ]
}
{ServerStateInfo: location=rs13
  transactions=[
    {ServerJoined: timestamp='2010-12-28 01:20:25.969313000' location='rs13'}
  ]
}
{ServerStateInfo: location=rs14
  transactions=[
    {ServerJoined: timestamp='2010-12-28 01:20:25.969352000' location='rs14'}
  ]
}
{ServerStateInfo: location=rs15
  transactions=[
    {ServerJoined: timestamp='2010-12-28 01:20:25.969359000' location='rs15'}
  ]
}
{ServerStateInfo: location=rs16
  transactions=[
    {ServerJoined: timestamp='2010-12-28 01:20:25.969364000' location='rs16'}
    {RangeMoveStarted: timestamp='2010-12-28 01:20:25.969369000' table={TableIdentifier: id='1' generation=0} range={RangeSpec: start='H' end='I'}' transfer_log='/logs/7' soft_limit=7891 location='rs16'}
  ]
}
{ServerStateInfo: location=rs2
  transactions=[
    {ServerJoined: timestamp='2010-12-28 01:20:25.969375000' location='rs2'}
  ]
}
{ServerStateInfo: location=rs3
  transactions=[
    {ServerJoined: timestamp='2010-12-28 01:20:25.969381000' location='rs3'}
    {RangeMoveStarted: timestamp='2010-12-28 01:20:25.969385000' table={TableIdentifier: id='1' generation=0} range={RangeSpec: start='A' end='B'}' transfer_log='/logs/1' soft_limit=1234 location='rs3'}
    {ServerLeft: timestamp='2010-12-28 01:20:25.969391000' location='rs3'}
  ]
}
{ServerStateInfo: location=rs4
  transactions=[
    {ServerJoined: timestamp='2010-12-28 01:20:25.969402000' location='rs4'}
    {RangeMoveStarted: timestamp='2010-12-28 01:20:25.969407000' table={TableIdentifier: id='1' generation=0} range={RangeSpec: start='F' end='G'}' transfer_log='/logs/5' soft_limit=5678 location='rs4'}
  ]
}
{ServerStateInfo: location=rs6
  transactions=[
    {ServerJoined: timestamp='2010-12-28 01:20:25.969414000' location='rs6'}
  ]
}
{ServerStateInfo: location=rs7
  transactions=[
    {ServerJoined: timestamp='2010-12-28 01:20:25.969419000' location='rs7'}
    {RangeMoveStarted: timestamp='2010-12-28 01:20:25.969423000' table={TableIdentifier: id='1' generation=0} range={RangeSpec: start='C' end='D'}' transfer_log='/logs/3' soft_limit=3456 location='rs7'}
    {ServerLeft: timestamp='2010-12-28 01:20:25.969429000' location='rs7'}
  ]
}
{ServerStateInfo: location=rs8
  transactions=[
    {ServerJoined: timestamp='2010-12-28 01:20:25.969434000' location='rs8'}
  ]
}
{ServerStateInfo: location=rs9
  transactions=[
    {ServerJoined: timestamp='2010-12-28 01:20:25.969445000' location='rs9'}
  ]
}
