Log entries:
{ServerJoined: timestamp='2010-12-28 21:43:35.165243000' location='rs8'}
{ServerJoined: timestamp='2010-12-28 21:43:35.165254000' location='rs1'}
{ServerJoined: timestamp='2010-12-28 21:43:35.165263000' location='rs7'}
{ServerJoined: timestamp='2010-12-28 21:43:35.165272000' location='rs3'}
{ServerJoined: timestamp='2010-12-28 21:43:35.165281000' location='rs2'}
{ServerJoined: timestamp='2010-12-28 21:43:35.165290000' location='rs6'}
{ServerJoined: timestamp='2010-12-28 21:43:35.165298000' location='rs4'}
{RangeMoveStarted: timestamp='2010-12-28 21:43:35.165309000' table={TableIdentifier: id='1' generation=0} range={RangeSpec: start='A' end='B'}' transfer_log='/logs/1' soft_limit=1234 location='rs3'}
{ServerLeft: timestamp='2010-12-28 21:43:35.165322000' location='rs3'}
{RangeMoveStarted: timestamp='2010-12-28 21:43:35.165332000' table={TableIdentifier: id='1' generation=0} range={RangeSpec: start='C' end='D'}' transfer_log='/logs/3' soft_limit=3456 location='rs7'}
{ServerLeft: timestamp='2010-12-28 21:43:35.165343000' location='rs1'}
{ServerJoined: timestamp='2010-12-28 21:43:35.165375000' location='rs11'}
{BalanceStarted: timestamp='2010-12-28 21:43:35.165384000'}
{ServerJoined: timestamp='2010-12-28 21:43:35.165392000' location='rs9'}
{ServerJoined: timestamp='2010-12-28 21:43:35.165401000' location='rs12'}
{ServerJoined: timestamp='2010-12-28 21:43:35.165410000' location='rs10'}
{ServerLeft: timestamp='2010-12-28 21:43:35.165418000' location='rs7'}
{RangeMoveStarted: timestamp='2010-12-28 21:43:35.165428000' table={TableIdentifier: id='1' generation=0} range={RangeSpec: start='F' end='G'}' transfer_log='/logs/5' soft_limit=5678 location='rs4'}
{RangeMoveStarted: timestamp='2010-12-28 21:43:35.165441000' table={TableIdentifier: id='1' generation=0} range={RangeSpec: start='G' end='H'}' transfer_log='/logs/6' soft_limit=6789 location='rs2'}
{RangeMoveLoaded: timestamp='2010-12-28 21:43:35.165454000' table={TableIdentifier: id='1' generation=0} range={RangeSpec: start='G' end='H'}' location='rs2'}
{ServerLeft: timestamp='2010-12-28 21:43:35.165472000' location='rs10'}
{MmlRecover: timestamp='2010-12-28 21:43:35.165481000'}
{BalanceDone: timestamp='2010-12-28 21:43:35.165489000'}
{ServerJoined: timestamp='2010-12-28 21:43:35.165497000' location='rs15'}
{ServerJoined: timestamp='2010-12-28 21:43:35.165506000' location='rs14'}
{ServerJoined: timestamp='2010-12-28 21:43:35.165515000' location='rs16'}
{ServerJoined: timestamp='2010-12-28 21:43:35.165523000' location='rs13'}
{RangeMoveStarted: timestamp='2010-12-28 21:43:35.165533000' table={TableIdentifier: id='1' generation=0} range={RangeSpec: start='H' end='I'}' transfer_log='/logs/7' soft_limit=7891 location='rs16'}
{ServerLeft: timestamp='2010-12-28 21:43:35.165544000' location='rs11'}
{RangeMoveStarted: timestamp='2010-12-28 21:43:35.165554000' table={TableIdentifier: id='1' generation=0} range={RangeSpec: start='I' end='J'}' transfer_log='/logs/8' soft_limit=8912 location='rs13'}
{RangeMoveStarted: timestamp='2010-12-28 21:43:35.165566000' table={TableIdentifier: id='1' generation=0} range={RangeSpec: start='J' end='K'}' transfer_log='/logs/9' soft_limit=9123 location='rs1'}
{RangeMoveLoaded: timestamp='2010-12-28 21:43:35.165586000' table={TableIdentifier: id='1' generation=0} range={RangeSpec: start='I' end='J'}' location='rs13'}
{RangeMoveAcknowledged: timestamp='2010-12-28 21:43:35.165598000' table={TableIdentifier: id='1' generation=0} range={RangeSpec: start='I' end='J'}' location='rs13'}
{ServerRemoved: timestamp='2010-12-28 21:43:35.165609000' location='rs11'}
{RangeMoveAcknowledged: timestamp='2010-12-28 21:43:35.165620000' table={TableIdentifier: id='1' generation=0} range={RangeSpec: start='G' end='H'}' location='rs2'}
Range states:
Found recover entry
{ServerStateInfo: location=rs1
  transactions=[
    {ServerJoined: timestamp='2010-12-28 21:43:35.166690000' location='rs1'}
    {ServerLeft: timestamp='2010-12-28 21:43:35.166696000' location='rs1'}
    {RangeMoveStarted: timestamp='2010-12-28 21:43:35.166700000' table={TableIdentifier: id='1' generation=0} range={RangeSpec: start='J' end='K'}' transfer_log='/logs/9' soft_limit=9123 location='rs1'}
  ]
}
{ServerStateInfo: location=rs10
  transactions=[
    {ServerJoined: timestamp='2010-12-28 21:43:35.166726000' location='rs10'}
    {ServerLeft: timestamp='2010-12-28 21:43:35.166876000' location='rs10'}
  ]
}
{ServerStateInfo: location=rs12
  transactions=[
    {ServerJoined: timestamp='2010-12-28 21:43:35.166884000' location='rs12'}
  ]
}
{ServerStateInfo: location=rs13
  transactions=[
    {ServerJoined: timestamp='2010-12-28 21:43:35.166889000' location='rs13'}
  ]
}
{ServerStateInfo: location=rs14
  transactions=[
    {ServerJoined: timestamp='2010-12-28 21:43:35.166894000' location='rs14'}
  ]
}
{ServerStateInfo: location=rs15
  transactions=[
    {ServerJoined: timestamp='2010-12-28 21:43:35.166899000' location='rs15'}
  ]
}
{ServerStateInfo: location=rs16
  transactions=[
    {ServerJoined: timestamp='2010-12-28 21:43:35.166904000' location='rs16'}
    {RangeMoveStarted: timestamp='2010-12-28 21:43:35.166908000' table={TableIdentifier: id='1' generation=0} range={RangeSpec: start='H' end='I'}' transfer_log='/logs/7' soft_limit=7891 location='rs16'}
  ]
}
{ServerStateInfo: location=rs2
  transactions=[
    {ServerJoined: timestamp='2010-12-28 21:43:35.166922000' location='rs2'}
  ]
}
{ServerStateInfo: location=rs3
  transactions=[
    {ServerJoined: timestamp='2010-12-28 21:43:35.166928000' location='rs3'}
    {RangeMoveStarted: timestamp='2010-12-28 21:43:35.166933000' table={TableIdentifier: id='1' generation=0} range={RangeSpec: start='A' end='B'}' transfer_log='/logs/1' soft_limit=1234 location='rs3'}
    {ServerLeft: timestamp='2010-12-28 21:43:35.166938000' location='rs3'}
  ]
}
{ServerStateInfo: location=rs4
  transactions=[
    {ServerJoined: timestamp='2010-12-28 21:43:35.166943000' location='rs4'}
    {RangeMoveStarted: timestamp='2010-12-28 21:43:35.166947000' table={TableIdentifier: id='1' generation=0} range={RangeSpec: start='F' end='G'}' transfer_log='/logs/5' soft_limit=5678 location='rs4'}
  ]
}
{ServerStateInfo: location=rs6
  transactions=[
    {ServerJoined: timestamp='2010-12-28 21:43:35.166959000' location='rs6'}
  ]
}
{ServerStateInfo: location=rs7
  transactions=[
    {ServerJoined: timestamp='2010-12-28 21:43:35.166966000' location='rs7'}
    {RangeMoveStarted: timestamp='2010-12-28 21:43:35.166970000' table={TableIdentifier: id='1' generation=0} range={RangeSpec: start='C' end='D'}' transfer_log='/logs/3' soft_limit=3456 location='rs7'}
    {ServerLeft: timestamp='2010-12-28 21:43:35.166975000' location='rs7'}
  ]
}
{ServerStateInfo: location=rs8
  transactions=[
    {ServerJoined: timestamp='2010-12-28 21:43:35.166980000' location='rs8'}
  ]
}
{ServerStateInfo: location=rs9
  transactions=[
    {ServerJoined: timestamp='2010-12-28 21:43:35.166985000' location='rs9'}
  ]
}
