Log entries:
{ServerJoined: timestamp='2010-12-28 21:41:43.012331000' location='rs8'}
{ServerJoined: timestamp='2010-12-28 21:41:43.012351000' location='rs1'}
{ServerJoined: timestamp='2010-12-28 21:41:43.012362000' location='rs7'}
{ServerJoined: timestamp='2010-12-28 21:41:43.012372000' location='rs3'}
{ServerJoined: timestamp='2010-12-28 21:41:43.012382000' location='rs2'}
{ServerJoined: timestamp='2010-12-28 21:41:43.012392000' location='rs6'}
{ServerJoined: timestamp='2010-12-28 21:41:43.012401000' location='rs4'}
{RangeMoveStarted: timestamp='2010-12-28 21:41:43.012416000' table={TableIdentifier: id='1' generation=0} range={RangeSpec: start='A' end='B'}' transfer_log='/logs/1' soft_limit=1234 location='rs3'}
{ServerLeft: timestamp='2010-12-28 21:41:43.012436000' location='rs3'}
{RangeMoveStarted: timestamp='2010-12-28 21:41:43.012450000' table={TableIdentifier: id='1' generation=0} range={RangeSpec: start='C' end='D'}' transfer_log='/logs/3' soft_limit=3456 location='rs7'}
{ServerLeft: timestamp='2010-12-28 21:41:43.012464000' location='rs1'}
{ServerJoined: timestamp='2010-12-28 21:41:43.012568000' location='rs11'}
{RangeMoveStarted: timestamp='2010-12-28 21:41:43.012581000' table={TableIdentifier: id='1' generation=0} range={RangeSpec: start='E' end='F'}' transfer_log='/logs/4' soft_limit=4567 location='rs11'}
{BalanceStarted: timestamp='2010-12-28 21:41:43.012593000'}
{MmlRecover: timestamp='2010-12-28 21:41:43.012601000'}
{ServerJoined: timestamp='2010-12-28 21:41:43.012609000' location='rs9'}
{ServerJoined: timestamp='2010-12-28 21:41:43.012618000' location='rs12'}
{ServerJoined: timestamp='2010-12-28 21:41:43.012627000' location='rs10'}
{ServerLeft: timestamp='2010-12-28 21:41:43.012636000' location='rs7'}
{RangeMoveStarted: timestamp='2010-12-28 21:41:43.012646000' table={TableIdentifier: id='1' generation=0} range={RangeSpec: start='F' end='G'}' transfer_log='/logs/5' soft_limit=5678 location='rs4'}
{RangeMoveStarted: timestamp='2010-12-28 21:41:43.012658000' table={TableIdentifier: id='1' generation=0} range={RangeSpec: start='G' end='H'}' transfer_log='/logs/6' soft_limit=6789 location='rs2'}
{RangeMoveLoaded: timestamp='2010-12-28 21:41:43.012681000' table={TableIdentifier: id='1' generation=0} range={RangeSpec: start='G' end='H'}' location='rs2'}
{RangeMoveAcknowledged: timestamp='2010-12-28 21:41:43.012698000' table={TableIdentifier: id='1' generation=0} range={RangeSpec: start='E' end='F'}' location='rs11'}
{ServerLeft: timestamp='2010-12-28 21:41:43.012710000' location='rs10'}
{RangeMoveLoaded: timestamp='2010-12-28 21:41:43.012724000' table={TableIdentifier: id='1' generation=0} range={RangeSpec: start='E' end='F'}' location='rs11'}
Range states:
Found recover entry
{ServerStateInfo: location=rs1
  transactions=[
    {ServerJoined: timestamp='2010-12-28 21:41:43.014190000' location='rs1'}
    {ServerLeft: timestamp='2010-12-28 21:41:43.014197000' location='rs1'}
  ]
}
{ServerStateInfo: location=rs10
  transactions=[
    {ServerJoined: timestamp='2010-12-28 21:41:43.014202000' location='rs10'}
    {ServerLeft: timestamp='2010-12-28 21:41:43.014215000' location='rs10'}
  ]
}
{ServerStateInfo: location=rs11
  transactions=[
    {ServerJoined: timestamp='2010-12-28 21:41:43.014221000' location='rs11'}
  ]
}
{ServerStateInfo: location=rs12
  transactions=[
    {ServerJoined: timestamp='2010-12-28 21:41:43.014226000' location='rs12'}
  ]
}
{ServerStateInfo: location=rs2
  transactions=[
    {ServerJoined: timestamp='2010-12-28 21:41:43.014231000' location='rs2'}
    {RangeMoveStarted: timestamp='2010-12-28 21:41:43.014235000' table={TableIdentifier: id='1' generation=0} range={RangeSpec: start='G' end='H'}' transfer_log='/logs/6' soft_limit=6789 location='rs2'}
    {RangeMoveLoaded: timestamp='2010-12-28 21:41:43.014241000' table={TableIdentifier: id='1' generation=0} range={RangeSpec: start='G' end='H'}' location='rs2'}
  ]
}
{ServerStateInfo: location=rs3
  transactions=[
    {ServerJoined: timestamp='2010-12-28 21:41:43.014247000' location='rs3'}
    {RangeMoveStarted: timestamp='2010-12-28 21:41:43.014252000' table={TableIdentifier: id='1' generation=0} range={RangeSpec: start='A' end='B'}' transfer_log='/logs/1' soft_limit=1234 location='rs3'}
    {ServerLeft: timestamp='2010-12-28 21:41:43.014274000' location='rs3'}
  ]
}
{ServerStateInfo: location=rs4
  transactions=[
    {ServerJoined: timestamp='2010-12-28 21:41:43.014281000' location='rs4'}
    {RangeMoveStarted: timestamp='2010-12-28 21:41:43.014285000' table={TableIdentifier: id='1' generation=0} range={RangeSpec: start='F' end='G'}' transfer_log='/logs/5' soft_limit=5678 location='rs4'}
  ]
}
{ServerStateInfo: location=rs6
  transactions=[
    {ServerJoined: timestamp='2010-12-28 21:41:43.014291000' location='rs6'}
  ]
}
{ServerStateInfo: location=rs7
  transactions=[
    {ServerJoined: timestamp='2010-12-28 21:41:43.014296000' location='rs7'}
    {RangeMoveStarted: timestamp='2010-12-28 21:41:43.014301000' table={TableIdentifier: id='1' generation=0} range={RangeSpec: start='C' end='D'}' transfer_log='/logs/3' soft_limit=3456 location='rs7'}
    {ServerLeft: timestamp='2010-12-28 21:41:43.014312000' location='rs7'}
  ]
}
{ServerStateInfo: location=rs8
  transactions=[
    {ServerJoined: timestamp='2010-12-28 21:41:43.014318000' location='rs8'}
  ]
}
{ServerStateInfo: location=rs9
  transactions=[
    {ServerJoined: timestamp='2010-12-28 21:41:43.014323000' location='rs9'}
  ]
}
