Log entries:
{RangeLoaded: timestamp='2009-09-08 21:50:38.597746000' table={TableIdentifier: name='rsmltest' id=0 generation=0} range={RangeSpec: start='0' end='Z'} state={RangeState: state=STEADY timestamp=0 soft_limit=0 transfer_log='' split_point='' old_boundary_row=''}}
{SplitStart: timestamp='2009-09-08 21:50:38.597770000' table={TableIdentifier: name='rsmltest' id=0 generation=0} range={RangeSpec: start='0' end='Z'} state={RangeState: state=SLI timestamp=0 soft_limit=0 transfer_log='/test/split.log' split_point='A' old_boundary_row='0'}}
{SplitShrunk: timestamp='2009-09-08 21:50:38.597793000' table={TableIdentifier: name='rsmltest' id=0 generation=0} range={RangeSpec: start='A' end='Z'} state={RangeState: state=SHRUNK timestamp=0 soft_limit=0 transfer_log='/test/split.log' split_point='A' old_boundary_row='0'}}
{SplitDone: timestamp='2009-09-08 21:50:38.597815000' table={TableIdentifier: name='rsmltest' id=0 generation=0} range={RangeSpec: start='A' end='Z'} state={RangeState: state=SHRUNK timestamp=0 soft_limit=0 transfer_log='/test/split.log' split_point='A' old_boundary_row='0'}}
{RangeLoaded: timestamp='2009-09-08 21:50:38.597837000' table={TableIdentifier: name='rsmltest' id=0 generation=0} range={RangeSpec: start='Z' end='z'} state={RangeState: state=STEADY timestamp=0 soft_limit=0 transfer_log='' split_point='' old_boundary_row=''}}
{SplitStart: timestamp='2009-09-08 21:50:38.597859000' table={TableIdentifier: name='rsmltest' id=0 generation=0} range={RangeSpec: start='Z' end='z'} state={RangeState: state=SLI timestamp=0 soft_limit=0 transfer_log='/test/split2.log' split_point='a' old_boundary_row='z'}}
{SplitShrunk: timestamp='2009-09-08 21:50:38.597880000' table={TableIdentifier: name='rsmltest' id=0 generation=0} range={RangeSpec: start='Z' end='a'} state={RangeState: state=SHRUNK timestamp=0 soft_limit=0 transfer_log='/test/split2.log' split_point='a' old_boundary_row='z'}}
{RangeLoaded: timestamp='2009-09-08 21:50:38.597901000' table={TableIdentifier: name='rsmltest' id=0 generation=0} range={RangeSpec: start='a' end='z'} state={RangeState: state=STEADY timestamp=0 soft_limit=0 transfer_log='' split_point='' old_boundary_row=''}}
{SplitDone: timestamp='2009-09-08 21:50:38.597922000' table={TableIdentifier: name='rsmltest' id=0 generation=0} range={RangeSpec: start='Z' end='a'} state={RangeState: state=SHRUNK timestamp=0 soft_limit=0 transfer_log='/test/split2.log' split_point='a' old_boundary_row='z'}}
{SplitStart: timestamp='2009-09-08 21:50:38.597943000' table={TableIdentifier: name='rsmltest' id=0 generation=0} range={RangeSpec: start='a' end='z'} state={RangeState: state=SLI timestamp=0 soft_limit=0 transfer_log='/test/split3.log' split_point='m' old_boundary_row='z'}}
{RsmlRecover: timestamp='2009-09-08 21:50:38.597962000'}
{RangeLoaded: timestamp='2009-09-08 21:50:38.597978000' table={TableIdentifier: name='rsmltest' id=0 generation=0} range={RangeSpec: start='m' end='s'} state={RangeState: state=STEADY timestamp=0 soft_limit=40000000 transfer_log='' split_point='' old_boundary_row=''}}
{SplitShrunk: timestamp='2009-09-08 21:50:38.598000000' table={TableIdentifier: name='rsmltest' id=0 generation=0} range={RangeSpec: start='a' end='m'} state={RangeState: state=SHRUNK timestamp=0 soft_limit=40000000 transfer_log='' split_point='' old_boundary_row='z'}}
Range states:
{RangeStateInfo: table={TableIdentifier: name='rsmltest' id=0 generation=0}
  range={RangeSpec: start='A' end='Z'}
}
{RangeStateInfo: table={TableIdentifier: name='rsmltest' id=0 generation=0}
  range={RangeSpec: start='Z' end='a'}
}
{RangeStateInfo: table={TableIdentifier: name='rsmltest' id=0 generation=0}
  range={RangeSpec: start='a' end='m'}
  transactions=[
    {SplitStart: timestamp='2009-09-08 21:50:38.598652000' table={TableIdentifier: name='rsmltest' id=0 generation=0} range={RangeSpec: start='a' end='z'} state={RangeState: state=SLI timestamp=0 soft_limit=0 transfer_log='/test/split3.log' split_point='m' old_boundary_row='z'}}
    {SplitShrunk: timestamp='2009-09-08 21:50:38.598664000' table={TableIdentifier: name='rsmltest' id=0 generation=0} range={RangeSpec: start='a' end='m'} state={RangeState: state=SHRUNK timestamp=0 soft_limit=40000000 transfer_log='' split_point='' old_boundary_row='z'}}
  ]
}
{RangeStateInfo: table={TableIdentifier: name='rsmltest' id=0 generation=0}
  range={RangeSpec: start='m' end='s'}
}
