ERROR schemaTest : Schema Parse Error: Schema Parse Error: not well-formed (invalid token) line 2, offset 29
ERROR schemaTest : Schema Parse Error: Nested ColumnFamily elements not allowed
ERROR schemaTest : Schema Parse Error: ColumnFamily defined outside of AccessGroup
ERROR schemaTest : Schema Parse Error: Invalid AccessGroup attribute 'foo'
ERROR schemaTest : Schema Parse Error: Unrecognized element - 'BogusElement'
ERROR schemaTest : Schema Parse Error: Invalid value (abc) for MaxVersions
ERROR schemaTest : Schema Parse Error: Invalid value (foo) for AccessGroup attribute 'inMemory'
<Schema>
  <AccessGroup name="default">
    <ColumnFamily>
      <Name>default</Name>
      <Counter>false</Counter>
      <MaxVersions>3</MaxVersions>
      <ttl>2592000</ttl>
      <deleted>false</deleted>
    </ColumnFamily>
  </AccessGroup>
  <AccessGroup name="meta">
    <ColumnFamily>
      <Name>language</Name>
      <Counter>false</Counter>
      <deleted>false</deleted>
    </ColumnFamily>
    <ColumnFamily>
      <Name>checksum</Name>
      <Counter>false</Counter>
      <deleted>false</deleted>
    </ColumnFamily>
  </AccessGroup>
</Schema>
<Schema generation="1">
  <AccessGroup name="default">
    <ColumnFamily id="1">
      <Generation>1</Generation>
      <Name>default</Name>
      <Counter>false</Counter>
      <MaxVersions>3</MaxVersions>
      <ttl>2592000</ttl>
      <deleted>false</deleted>
    </ColumnFamily>
  </AccessGroup>
  <AccessGroup name="meta">
    <ColumnFamily id="2">
      <Generation>1</Generation>
      <Name>language</Name>
      <Counter>false</Counter>
      <deleted>false</deleted>
    </ColumnFamily>
    <ColumnFamily id="3">
      <Generation>1</Generation>
      <Name>checksum</Name>
      <Counter>false</Counter>
      <deleted>false</deleted>
    </ColumnFamily>
  </AccessGroup>
</Schema>
