[baseline]
control=(REV|TS|SHARED) row='delete_cf' family=1 qualifier='' ts=4 rev=4 DELETE_COLUMN_FAMILY
control=(REV|TS|SHARED) row='delete_cf' family=1 qualifier='insert' ts=3 rev=3
control=(REV|TS|SHARED) row='delete_large' ts=8753 rev=8753 DELETE_ROW
control=(REV|TS|SHARED) row='delete_large' family=1 qualifier='' ts=4378 rev=4378 DELETE_COLUMN_FAMILY
control=(REV|TS|SHARED) row='delete_large' family=1 qualifier='insert' ts=13 rev=13
control=(REV|TS|SHARED) row='delete_none' family=1 qualifier='insert' ts=12 rev=12
control=(REV|TS|SHARED) row='delete_row' ts=2 rev=2 DELETE_ROW
control=(REV|TS|SHARED) row='delete_row' family=1 qualifier='insert' ts=1 rev=1
control=(REV|TS|SHARED) row='delete_row_cf' ts=10 rev=10 DELETE_ROW
control=(REV|TS|SHARED) row='delete_row_cf' ts=6 rev=6 DELETE_ROW
control=(REV|TS|SHARED) row='delete_row_cf' family=1 qualifier='' ts=11 rev=11 DELETE_COLUMN_FAMILY
control=(REV|TS|SHARED) row='delete_row_cf' family=1 qualifier='' ts=8 rev=8 DELETE_COLUMN_FAMILY
control=(REV|TS|SHARED) row='delete_row_cf' family=1 qualifier='insert' ts=9 rev=9
control=(REV|TS|SHARED) row='delete_row_cf' family=1 qualifier='insert' ts=7 rev=7
control=(REV|TS|SHARED) row='delete_row_cf' family=1 qualifier='insert' ts=5 rev=5
[delete-row]
control=(REV|TS|SHARED) row='delete_row' ts=2 rev=2 DELETE_ROW
control=(REV|TS|SHARED) row='delete_row' family=1 qualifier='insert' ts=1 rev=1
control=(REV|TS|SHARED) row='delete_row' ts=2 rev=2 DELETE_ROW
control=(REV|TS|SHARED) row='delete_row' family=1 qualifier='insert' ts=1 rev=1
control=(REV|TS|SHARED) row='delete_row' ts=2 rev=2 DELETE_ROW
control=(REV|TS|SHARED) row='delete_row' family=1 qualifier='insert' ts=1 rev=1
[delete-cf]
control=(REV|TS|SHARED) row='delete_cf' family=1 qualifier='' ts=4 rev=4 DELETE_COLUMN_FAMILY
control=(REV|TS|SHARED) row='delete_cf' family=1 qualifier='insert' ts=3 rev=3
control=(REV|TS|SHARED) row='delete_cf' family=1 qualifier='' ts=4 rev=4 DELETE_COLUMN_FAMILY
control=(REV|TS|SHARED) row='delete_cf' family=1 qualifier='insert' ts=3 rev=3
control=(REV|TS|SHARED) row='delete_cf' family=1 qualifier='' ts=4 rev=4 DELETE_COLUMN_FAMILY
control=(REV|TS|SHARED) row='delete_cf' family=1 qualifier='insert' ts=3 rev=3
control=(REV|TS|SHARED) row='delete_cf' family=1 qualifier='' ts=4 rev=4 DELETE_COLUMN_FAMILY
control=(REV|TS|SHARED) row='delete_cf' family=1 qualifier='insert' ts=3 rev=3
[delete-row-cf]
control=(REV|TS|SHARED) row='delete_row_cf' ts=10 rev=10 DELETE_ROW
control=(REV|TS|SHARED) row='delete_row_cf' ts=6 rev=6 DELETE_ROW
control=(REV|TS|SHARED) row='delete_row_cf' family=1 qualifier='' ts=11 rev=11 DELETE_COLUMN_FAMILY
control=(REV|TS|SHARED) row='delete_row_cf' family=1 qualifier='' ts=8 rev=8 DELETE_COLUMN_FAMILY
control=(REV|TS|SHARED) row='delete_row_cf' family=1 qualifier='insert' ts=9 rev=9
control=(REV|TS|SHARED) row='delete_row_cf' family=1 qualifier='insert' ts=7 rev=7
control=(REV|TS|SHARED) row='delete_row_cf' family=1 qualifier='insert' ts=5 rev=5
control=(REV|TS|SHARED) row='delete_row_cf' ts=10 rev=10 DELETE_ROW
control=(REV|TS|SHARED) row='delete_row_cf' ts=6 rev=6 DELETE_ROW
control=(REV|TS|SHARED) row='delete_row_cf' family=1 qualifier='' ts=11 rev=11 DELETE_COLUMN_FAMILY
control=(REV|TS|SHARED) row='delete_row_cf' family=1 qualifier='' ts=8 rev=8 DELETE_COLUMN_FAMILY
control=(REV|TS|SHARED) row='delete_row_cf' family=1 qualifier='insert' ts=9 rev=9
control=(REV|TS|SHARED) row='delete_row_cf' family=1 qualifier='insert' ts=7 rev=7
control=(REV|TS|SHARED) row='delete_row_cf' family=1 qualifier='insert' ts=5 rev=5
[delete-none]
control=(REV|TS|SHARED) row='delete_none' family=1 qualifier='insert' ts=12 rev=12
[delete-large]
control=(REV|TS|SHARED) row='delete_large' ts=8753 rev=8753 DELETE_ROW
control=(REV|TS|SHARED) row='delete_large' family=1 qualifier='' ts=4378 rev=4378 DELETE_COLUMN_FAMILY
control=(REV|TS|SHARED) row='delete_large' family=1 qualifier='insert' ts=13 rev=13
trailer.delete_count= 8
