SESSION CALLBACK: Safe

Welcome to the hyperspace command interpreter.
For information about Hypertable, visit http://www.hypertable.org/

Type 'help' for a list of commands, or 'help shell' for a
list of shell meta commands.

echo;

echo << BasicTest >>;
<< BasicTest >>
open foo flags=READ;
attrlist foo;
lock.generation
msg1
msg2
open /;
readdirattr / msg1;
(dir) bar2, msg1=Hello, Bar2/!
      foo, msg1=Hello, World!
open /bar2/foo flags=READ;
readpathattr /bar2/foo msg1;
(dir) /bar2/, msg1=Hello, Bar2/!
      /bar2/foo, msg1=Hello, Bar/Foo!
close /bar2/foo;
attrexists foo msg2;
true
attrexists foo msg3;
false
attrget foo msg2;
How now brown cow
close foo;
close /;
echo;

echo << NotificationTest >>;
<< NotificationTest >>
echo;

echo << LockTest >>;
<< LockTest >>
open lockfile flags=READ|WRITE|LOCK;
lock lockfile EXCLUSIVE;
SEQUENCER name=/lockfile mode=2 generation=3
release lockfile;
lock lockfile SHARED;
SEQUENCER name=/lockfile mode=1 generation=5
release lockfile;
trylock lockfile EXCLUSIVE;
busy
release lockfile;
close lockfile;
open lockfile flags=READ|WRITE|LOCK_EXCLUSIVE;
Error: Hyperspace 'open' error, name=/lockfile flags=0x87 events=0x0 - HYPERSPACE lock conflict
open lockfile flags=READ|WRITE|LOCK_SHARED;
close lockfile;
echo;

echo << EphemeralFileTest >>;
<< EphemeralFileTest >>
echo;

echo << SessionExpirationTest >>;
<< SessionExpirationTest >>
