SESSION CALLBACK: Safe
Welcome to the Hyperspace command interpreter.  Hyperspace
is a global namespace and lock service for loosely-coupled
distributed systems.  Type 'help' for a description of commands.


<< BasicTest >>
open foo flags=READ
attrget foo msg2
How now brown cow
close foo

<< NotificationTest >>

<< LockTest >>
open lockfile flags=READ|WRITE|LOCK
lock lockfile EXCLUSIVE
SEQUENCER name=/lockfile mode=2 generation=3
release lockfile
lock lockfile SHARED
SEQUENCER name=/lockfile mode=1 generation=5
release lockfile
trylock lockfile EXCLUSIVE
busy
release lockfile
close lockfile
open lockfile flags=READ|WRITE|LOCK_EXCLUSIVE
ERROR hyperspace : Hyperspace 'open' error, name=/lockfile flags=0x87 events=0x0 : HYPERSPACE lock conflict
HYPERSPACE lock conflict
open lockfile flags=READ|WRITE|LOCK_SHARED
close lockfile

<< EphemeralFileTest >>

<< SessionExpirationTest >>
