SESSION CALLBACK: Safe

Welcome to the hyperspace command interpreter.
For information about Hypertable, visit http://www.hypertable.org/

Type 'help' for a list of commands, or 'help shell' for a
list of shell meta commands.

echo;

echo << BasicTest >>;
<< BasicTest >>
open foo flags=READ;
attrget foo msg1;
Hello, World!
close foo;
echo;

echo << NotificationTest >>;
<< NotificationTest >>
mkdir dir1/foo;
delete dir1/foo;
open dir1 flags=READ|WRITE|LOCK;
attrset dir1 fox="Hello, World!";
attrget dir1 fox;
Hello, World!
attrdel dir1 fox;
lock dir1 EXCLUSIVE;
SEQUENCER name=/dir1 mode=2 generation=2
release dir1;
close dir1;
delete dir1;
echo;

echo << LockTest >>;
<< LockTest >>
open lockfile flags=READ|WRITE|LOCK;
lock lockfile EXCLUSIVE;
SEQUENCER name=/lockfile mode=2 generation=2
release lockfile;
lock lockfile SHARED;
SEQUENCER name=/lockfile mode=1 generation=4
release lockfile;
trylock lockfile EXCLUSIVE;
SEQUENCER name=/lockfile mode=2 generation=6
release lockfile;
close lockfile;
open lockfile flags=READ|WRITE|LOCK_EXCLUSIVE;
getseq lockfile;
SEQUENCER name=/lockfile mode=2 generation=7
close lockfile;
open lockfile flags=READ|WRITE|LOCK_SHARED;
getseq lockfile;
SEQUENCER name=/lockfile mode=1 generation=8
close lockfile;
echo;

echo << EphemeralFileTest >>;
<< EphemeralFileTest >>
open dir1/foo flags=READ|CREATE|WRITE|TEMP;
close dir1/foo;
echo;

echo << SessionExpirationTest >>;
<< SessionExpirationTest >>
open dir1/foo flags=READ|CREATE|WRITE|TEMP;
open dir1 flags=READ|WRITE|LOCK;
lock dir1 EXCLUSIVE;
SEQUENCER name=/dir1 mode=2 generation=2
