Welcome to the Range Server command interpreter.
Type 'help' for a description of commands.

rsclient> load range Test2[:]
Generation = 1
TableName  = Test2
StartRow   = 
EndRow     = 
rsclient> update Test2[:] Test2-data.txt
success
success
success
success
success
success
success
success
success
success
success
success
success
success
success
success
success
success
success
success
success
success
success
success
success
success
success
success
success
success
success
success
success
success
success
success
success
success
success
success
success
success
success
success
success
success
success
success
success
success
success
success
success
success
success
success
success
success
success
success
success
success
success
success
success
success
success
success
success
success
success
success
success
success
success
success
success
success
success
success
success
success
success
success
success
success
success
success
success
success
success
success
success
success
success
success
success
success
success
success
success
success
success
success
success
success
success
success
success
success
success
success
success
success
success
success
success
success
success
success
success
success
success
success
success
success
success
success
success
success
success
success
success
success
success
success
success
success
success
success
success
success
success
success
success
success
success
success
success
success
success
success
success
success
success
success
success
success
success
success
success
success
success
success
success
success
success
success
success
success
success
success
success
success
success
success
success
success
success
success
success
success
success
success
success
success
success
success
success
success
success
success
success
success
success
success
success
success
success
success
success
success
success
success
success
success
success
success
success
success
success
success
success
success
success
success
success
success
success
success
success
success
success
success
success
success
success
success
success
success
success
success
success
success
success
success
success
success
success
success
success
success
success
success
success
success
success
success
success
success
success
success
success
success
success
success
success
success
success
success
success
success
success
success
success
success
success
success
success
success
success
success
success
success
success
success
success
success
success
success
success
success
success
success
success
success
success
success
success
success
success
success
success
success
success
success
success
success
success
success
success
success
success
success
success
success
success
success
success
success
success
success
success
success
success
success
success
success
success
success
success
success
success
success
success
success
success
success
success
success
success
success
success
success
success
success
success
success
success
success
success
success
success
success
success
success
success
success
success
success
success
success
success
success
success
rsclient> create scanner Test2[:] start=Abama row-limit=4
Generation = 1
TableName  = Test2
StartRow   = 
EndRow     = 
1189630040603049 Abama apple:http://haynese.winthrop.edu/india/medals/VC/1CSingh.html
1189630041477860 Abama apple:http://www.baseball-reference.com/r/roberda07.shtml
1189630039875215 Abama apple:http://www.klamathtribes.org
1189630040183273 Abama apple:http://www.sesameworkshop.org/sesamestreet/
1189630041076279 Abama apple:http://www.usatoday.com/sports/bbw/columnist/nightengale/2005-01-19-majors_x.htm
1189630040330535 Abama apple:http://www.usatoday.com/sports/bbw/columnist/nightengale/2005-01-19-majors_x.htm
1189630039073586 Abama apple:http://www.usatoday.com/sports/bbw/columnist/nightengale/2005-01-19-majors_x.htm
1189630038824386 Abama banana:http://toughpigs.com/anthernie00.htm
1189630040676567 Abama banana:http://www.baseball-reference.com/r/roberda07.shtml
1189630039262978 Abama banana:http://www.baseball-reference.com/r/roberda07.shtml
1189630038965092 Abama banana:http://www.baseball-reference.com/r/roberda07.shtml
1189630040738454 Abama banana:http://www.fcc.gov/fcc-bin/tvq?call=KOCB
1189630038639251 Abama banana:http://www.lsbu.ac.uk/news-php/news.php?newsid=86
1189630038711158 Abama banana:http://www.mtv.com/news/articles/1508677/20050831/duff_hilary.jhtml?headlines=true
1189630039746685 Abama banana:http://www.nielsenmedia.com/DMAs.html
1189630040816206 Abama banana:http://www.psa.ac.uk/awards2003/toynbee.htm
1189630039670722 Abama banana:http://www.psa.ac.uk/awards2003/toynbee.htm
1189630039696207 Abama banana:http://www.usatoday.com/sports/bbw/columnist/nightengale/2005-01-19-majors_x.htm
1189630039451658 Abama banana:http://www.usdoj.gov/usao/iln/osc/documents/ag_letter_december_30_2003.pdf
1189630038654313 Abama banana:http://www.victoriacross.net
1189630041565692 Abama onion:http://sports.espn.go.com/mlb/players/profile?statsId=6305
1189630039544215 Abama onion:http://www.freebornhall.com/History/ResidenceHalls/
1189630040350020 Abama onion:http://www.guardian.co.uk/Columnists/Archive/0,5673,-25,0.html
1189630041565947 Abama onion:http://www.housing.berkeley.edu/housing/
1189630038734336 Abama onion:http://www.lsbu.ac.uk/news-php/news.php?newsid=86
1189630040498379 Abama onion:http://www.mtv.com/news/articles/1508677/20050831/duff_hilary.jhtml?headlines=true
1189630040879909 Abama onion:http://www.nielsenmedia.com/DMAs.html
1189630039817912 Abama onion:http://www.sesameworkshop.org/sesamestreet/
1189630041036344 Abama onion:http://www.usatoday.com/sports/bbw/columnist/nightengale/2005-01-19-majors_x.htm
1189630038893818 Abama onion:http://www.usatoday.com/sports/bbw/columnist/nightengale/2005-01-19-majors_x.htm
1189630039019058 Abama onion:http://www.usdoj.gov/usao/iln/osc/documents/ag_letter_december_30_2003.pdf
1189630041337420 Abama cassis:http://haynese.winthrop.edu/india/medals/VC/1CSingh.html
1189630040850738 Abama cassis:http://pbskids.org/sesame/index.html
1189630038706099 Abama cassis:http://pbskids.org/sesame/index.html
1189630038659286 Abama cassis:http://pbskids.org/sesame/index.html
1189630040725288 Abama cassis:http://sports.espn.go.com/mlb/players/profile?statsId=6305
1189630040851188 Abama cassis:http://www.eighttribes.org/modoc/
1189630041354646 Abama cassis:http://www.klamathtribes.org
1189630038739474 Abama cassis:http://www.nielsenmedia.com/DMAs.html
1189630040438909 Abama cassis:http://www.usdoj.gov/usao/iln/osc/documents/ag_letter_december_30_2003.pdf
1189630041392301 Abama cherry:http://toughpigs.com/anthernie00.htm
1189630039085877 Abama cherry:http://www.baseball-reference.com/r/roberda07.shtml
1189630040652900 Abama cherry:http://www.guardian.co.uk/Columnists/Archive/0,5673,-25,0.html
1189630041558636 Abama cherry:http://www.klamathtribes.org
1189630038836464 Abama cherry:http://www.klamathtribes.org
1189630040432684 Abama cherry:http://www.lsbu.ac.uk/news-php/news.php?newsid=86
1189630040930826 Abama cherry:http://www.sesameworkshop.org/sesamestreet/
1189630041645190 Abama yam:http://haynese.winthrop.edu/india/medals/VC/1CSingh.html
1189630040958168 Abama yam:http://pbskids.org/sesame/index.html
1189630040451395 Abama yam:http://toughpigs.com/anthernie00.htm
1189630040400907 Abama yam:http://toughpigs.com/anthernie00.htm
1189630040264899 Abama yam:http://www.guardian.co.uk/Columnists/Archive/0,5673,-25,0.html
1189630039487737 Abama yam:http://www.housing.berkeley.edu/housing/
1189630040725622 Abama yam:http://www.klamathtribes.org
1189630041618492 Abama yam:http://www.mtv.com/news/articles/1508677/20050831/duff_hilary.jhtml?headlines=true
1189630040991652 Abama yam:http://www.psa.ac.uk/awards2003/toynbee.htm
1189630040464730 Abama yam:http://www.sesameworkshop.org/sesamestreet/
1189630040414081 Abama yam:http://www.sesameworkshop.org/sesamestreet/
1189630040646255 Abama yam:http://www.sirlinksalot.net/bertandernie.html
1189630039726788 Abama yam:http://www.sirlinksalot.net/bertandernie.html
1189630041638371 Abama plum:http://pbskids.org/sesame/index.html
1189630039001330 Abama plum:http://pbskids.org/sesame/index.html
1189630039531577 Abama plum:http://toughpigs.com/anthernie00.htm
1189630040914384 Abama plum:http://www.baseball-reference.com/r/roberda07.shtml
1189630039433670 Abama plum:http://www.baseball-reference.com/r/roberda07.shtml
1189630039018997 Abama plum:http://www.fcc.gov/fcc-bin/tvq?call=KOCB
1189630038765284 Abama plum:http://www.housing.berkeley.edu/housing/
1189630038750025 Abama plum:http://www.housing.berkeley.edu/housing/
1189630040045587 Abama plum:http://www.sirlinksalot.net/bertandernie.html
1189630039732907 Abama broccoli:http://toughpigs.com/anthernie00.htm
1189630038659096 Abama broccoli:http://www.eighttribes.org/modoc/
1189630039752593 Abama broccoli:http://www.sesameworkshop.org/sesamestreet/
1189630040401096 Abama broccoli:http://www.sirlinksalot.net/bertandernie.html
1189630038654076 Abama broccoli:http://www.sirlinksalot.net/bertandernie.html
1189630041565844 Abama broccoli:http://www.usdoj.gov/usao/iln/osc/documents/ag_letter_december_30_2003.pdf
1189630040478806 Abama broccoli:http://www.usdoj.gov/usao/iln/osc/documents/ag_letter_december_30_2003.pdf
1189630041678828 Abanic banana:http://haynese.winthrop.edu/india/medals/VC/1CSingh.html
1189630041517879 Abanic cassis:http://www.housing.berkeley.edu/housing/
1189630041631748 Abanic cherry:http://www.guardian.co.uk/Columnists/Archive/0,5673,-25,0.html
1189630041423095 Abanic cherry:http://www.housing.berkeley.edu/housing/
1189630041644776 Abanic yam:http://sports.espn.go.com/mlb/players/profile?statsId=6305
1189630041464068 Abanic yam:http://www.mtv.com/news/articles/1508677/20050831/duff_hilary.jhtml?headlines=true
1189630040079393 Abantes apple:http://www.housing.berkeley.edu/housing/
1189630040857865 Abantes apple:http://www.klamathtribes.org
1189630041381652 Abantes apple:http://www.lsbu.ac.uk/news-php/news.php?newsid=86
1189630040518358 Abantes apple:http://www.mtv.com/news/articles/1508677/20050831/duff_hilary.jhtml?headlines=true
1189630040219184 Abantes apple:http://www.mtv.com/news/articles/1508677/20050831/duff_hilary.jhtml?headlines=true
1189630041423035 Abantes apple:http://www.psa.ac.uk/awards2003/toynbee.htm
1189630040282197 Abantes apple:http://www.usatoday.com/sports/bbw/columnist/nightengale/2005-01-19-majors_x.htm
1189630040190850 Abantes banana:http://sports.espn.go.com/mlb/players/profile?statsId=6305
1189630041497720 Abantes banana:http://www.baseball-reference.com/r/roberda07.shtml
1189630041371693 Abantes banana:http://www.klamathtribes.org
1189630040771301 Abantes banana:http://www.klamathtribes.org
1189630040045397 Abantes banana:http://www.lsbu.ac.uk/news-php/news.php?newsid=86
1189630040478899 Abantes banana:http://www.mtv.com/news/articles/1508677/20050831/duff_hilary.jhtml?headlines=true
1189630040291616 Abantes banana:http://www.usatoday.com/sports/bbw/columnist/nightengale/2005-01-19-majors_x.htm
1189630041645237 Abantes banana:http://www.usdoj.gov/usao/iln/osc/documents/ag_letter_december_30_2003.pdf
1189630040576907 Abantes banana:http://www.usdoj.gov/usao/iln/osc/documents/ag_letter_december_30_2003.pdf
1189630040245280 Abantes banana:http://www.victoriacross.net
1189630040343599 Abantes onion:http://pbskids.org/sesame/index.html
1189630040907728 Abantes onion:http://www.baseball-reference.com/r/roberda07.shtml
1189630040611361 Abantes onion:http://www.eighttribes.org/modoc/
1189630041381400 Abantes onion:http://www.lsbu.ac.uk/news-php/news.php?newsid=86
1189630040639793 Abantes onion:http://www.mtv.com/news/articles/1508677/20050831/duff_hilary.jhtml?headlines=true
1189630041484114 Abantes cassis:http://haynese.winthrop.edu/india/medals/VC/1CSingh.html
1189630040624952 Abantes cassis:http://pbskids.org/sesame/index.html
1189630040407623 Abantes cassis:http://www.freebornhall.com/History/ResidenceHalls/
1189630040432743 Abantes cassis:http://www.guardian.co.uk/Columnists/Archive/0,5673,-25,0.html
1189630040924781 Abantes cassis:http://www.nielsenmedia.com/DMAs.html
1189630041451041 Abantes cassis:http://www.sirlinksalot.net/bertandernie.html
1189630041416783 Abantes cassis:http://www.sirlinksalot.net/bertandernie.html
1189630040213456 Abantes cassis:http://www.usatoday.com/sports/bbw/columnist/nightengale/2005-01-19-majors_x.htm
1189630041337589 Abantes cherry:http://sports.espn.go.com/mlb/players/profile?statsId=6305
1189630041003454 Abantes cherry:http://sports.espn.go.com/mlb/players/profile?statsId=6305
1189630040426461 Abantes cherry:http://www.eighttribes.org/modoc/
1189630041354546 Abantes cherry:http://www.freebornhall.com/History/ResidenceHalls/
1189630041371575 Abantes cherry:http://www.housing.berkeley.edu/housing/
1189630041497520 Abantes cherry:http://www.klamathtribes.org
1189630041089404 Abantes cherry:http://www.sirlinksalot.net/bertandernie.html
1189630040908019 Abantes cherry:http://www.usdoj.gov/usao/iln/osc/documents/ag_letter_december_30_2003.pdf
1189630040065655 Abantes cherry:http://www.usdoj.gov/usao/iln/osc/documents/ag_letter_december_30_2003.pdf
1189630041665701 Abantes yam:http://haynese.winthrop.edu/india/medals/VC/1CSingh.html
1189630040705124 Abantes yam:http://toughpigs.com/anthernie00.htm
1189630041015481 Abantes yam:http://www.sesameworkshop.org/sesamestreet/
1189630041597480 Abantes plum:http://toughpigs.com/anthernie00.htm
1189630040394480 Abantes plum:http://toughpigs.com/anthernie00.htm
1189630040445501 Abantes plum:http://www.sirlinksalot.net/bertandernie.html
1189630041089346 Abantes broccoli:http://www.fcc.gov/fcc-bin/tvq?call=KOCB
1189630040725279 Abantes broccoli:http://www.victoriacross.net
1189630040833280 Abarambo apple:http://sports.espn.go.com/mlb/players/profile?statsId=6305
1189630040167250 Abarambo apple:http://toughpigs.com/anthernie00.htm
1189630040426585 Abarambo apple:http://www.housing.berkeley.edu/housing/
1189630038664373 Abarambo apple:http://www.nielsenmedia.com/DMAs.html
1189630040687282 Abarambo apple:http://www.psa.ac.uk/awards2003/toynbee.htm
1189630040190773 Abarambo apple:http://www.psa.ac.uk/awards2003/toynbee.htm
1189630040639660 Abarambo apple:http://www.sesameworkshop.org/sesamestreet/
1189630040199411 Abarambo apple:http://www.sesameworkshop.org/sesamestreet/
1189630040924791 Abarambo apple:http://www.usatoday.com/sports/bbw/columnist/nightengale/2005-01-19-majors_x.htm
1189630040432708 Abarambo banana:http://haynese.winthrop.edu/india/medals/VC/1CSingh.html
1189630041326909 Abarambo banana:http://toughpigs.com/anthernie00.htm
1189630039978654 Abarambo banana:http://toughpigs.com/anthernie00.htm
1189630040596883 Abarambo banana:http://www.housing.berkeley.edu/housing/
1189630039843870 Abarambo banana:http://www.sirlinksalot.net/bertandernie.html
1189630040979280 Abarambo banana:http://www.victoriacross.net
1189630041484177 Abarambo onion:http://haynese.winthrop.edu/india/medals/VC/1CSingh.html
1189630038995308 Abarambo onion:http://sports.espn.go.com/mlb/players/profile?statsId=6305
1189630040291669 Abarambo onion:http://www.freebornhall.com/History/ResidenceHalls/
1189630040646271 Abarambo onion:http://www.guardian.co.uk/Columnists/Archive/0,5673,-25,0.html
1189630040652567 Abarambo onion:http://www.lsbu.ac.uk/news-php/news.php?newsid=86
1189630040008566 Abarambo onion:http://www.usatoday.com/sports/bbw/columnist/nightengale/2005-01-19-majors_x.htm
1189630039607656 Abarambo onion:http://www.usdoj.gov/usao/iln/osc/documents/ag_letter_december_30_2003.pdf
1189630040439126 Abarambo cassis:http://haynese.winthrop.edu/india/medals/VC/1CSingh.html
1189630039732637 Abarambo cassis:http://toughpigs.com/anthernie00.htm
1189630039708118 Abarambo cassis:http://www.guardian.co.uk/Columnists/Archive/0,5673,-25,0.html
1189630039109540 Abarambo cassis:http://www.psa.ac.uk/awards2003/toynbee.htm
1189630041436865 Abarambo cassis:http://www.usatoday.com/sports/bbw/columnist/nightengale/2005-01-19-majors_x.htm
1189630040958529 Abarambo cherry:http://pbskids.org/sesame/index.html
1189630041015509 Abarambo cherry:http://www.baseball-reference.com/r/roberda07.shtml
1189630038819044 Abarambo cherry:http://www.baseball-reference.com/r/roberda07.shtml
1189630040271712 Abarambo cherry:http://www.eighttribes.org/modoc/
1189630041625338 Abarambo cherry:http://www.fcc.gov/fcc-bin/tvq?call=KOCB
1189630039696298 Abarambo cherry:http://www.fcc.gov/fcc-bin/tvq?call=KOCB
1189630041537670 Abarambo cherry:http://www.housing.berkeley.edu/housing/
1189630039792686 Abarambo cherry:http://www.lsbu.ac.uk/news-php/news.php?newsid=86
1189630038788657 Abarambo cherry:http://www.lsbu.ac.uk/news-php/news.php?newsid=86
1189630038670380 Abarambo cherry:http://www.lsbu.ac.uk/news-php/news.php?newsid=86
1189630040167426 Abarambo cherry:http://www.mtv.com/news/articles/1508677/20050831/duff_hilary.jhtml?headlines=true
1189630039555861 Abarambo cherry:http://www.mtv.com/news/articles/1508677/20050831/duff_hilary.jhtml?headlines=true
1189630039102011 Abarambo cherry:http://www.psa.ac.uk/awards2003/toynbee.htm
1189630041103490 Abarambo cherry:http://www.usdoj.gov/usao/iln/osc/documents/ag_letter_december_30_2003.pdf
1189630040833442 Abarambo cherry:http://www.victoriacross.net
1189630040401209 Abarambo yam:http://toughpigs.com/anthernie00.htm
1189630040858063 Abarambo yam:http://www.baseball-reference.com/r/roberda07.shtml
1189630039048020 Abarambo yam:http://www.baseball-reference.com/r/roberda07.shtml
1189630039096136 Abarambo yam:http://www.fcc.gov/fcc-bin/tvq?call=KOCB
1189630039792620 Abarambo yam:http://www.guardian.co.uk/Columnists/Archive/0,5673,-25,0.html
1189630041652526 Abarambo yam:http://www.klamathtribes.org
1189630040206441 Abarambo yam:http://www.klamathtribes.org
1189630041537808 Abarambo yam:http://www.lsbu.ac.uk/news-php/news.php?newsid=86
1189630041511569 Abarambo yam:http://www.lsbu.ac.uk/news-php/news.php?newsid=86
1189630040659052 Abarambo yam:http://www.nielsenmedia.com/DMAs.html
1189630041036125 Abarambo yam:http://www.sesameworkshop.org/sesamestreet/
1189630039263373 Abarambo yam:http://www.sesameworkshop.org/sesamestreet/
1189630040632456 Abarambo yam:http://www.sirlinksalot.net/bertandernie.html
1189630040833293 Abarambo yam:http://www.usatoday.com/sports/bbw/columnist/nightengale/2005-01-19-majors_x.htm
1189630038638768 Abarambo yam:http://www.victoriacross.net
1189630040159393 Abarambo plum:http://haynese.winthrop.edu/india/medals/VC/1CSingh.html
1189630040731873 Abarambo plum:http://pbskids.org/sesame/index.html
1189630039537905 Abarambo plum:http://sports.espn.go.com/mlb/players/profile?statsId=6305
1189630040704995 Abarambo plum:http://toughpigs.com/anthernie00.htm
1189630040349914 Abarambo plum:http://www.baseball-reference.com/r/roberda07.shtml
1189630039887510 Abarambo plum:http://www.eighttribes.org/modoc/
1189630041392265 Abarambo plum:http://www.housing.berkeley.edu/housing/
1189630040914561 Abarambo plum:http://www.klamathtribes.org
1189630038659369 Abarambo plum:http://www.klamathtribes.org
1189630038765148 Abarambo broccoli:http://haynese.winthrop.edu/india/medals/VC/1CSingh.html
1189630040968720 Abarambo broccoli:http://pbskids.org/sesame/index.html
1189630039140548 Abarambo broccoli:http://www.eighttribes.org/modoc/
1189630039862525 Abarambo broccoli:http://www.guardian.co.uk/Columnists/Archive/0,5673,-25,0.html
1189630040310884 Abarambo broccoli:http://www.nielsenmedia.com/DMAs.html
1189630039556244 Abarambo broccoli:http://www.nielsenmedia.com/DMAs.html
1189630041548353 Abarambo broccoli:http://www.sesameworkshop.org/sesamestreet/
rsclient> create scanner Test2[:] start=Abama row-limit=2 cell-limit=1
Generation = 1
TableName  = Test2
StartRow   = 
EndRow     = 
1189630040603049 Abama apple:http://haynese.winthrop.edu/india/medals/VC/1CSingh.html
1189630041477860 Abama apple:http://www.baseball-reference.com/r/roberda07.shtml
1189630039875215 Abama apple:http://www.klamathtribes.org
1189630040183273 Abama apple:http://www.sesameworkshop.org/sesamestreet/
1189630041076279 Abama apple:http://www.usatoday.com/sports/bbw/columnist/nightengale/2005-01-19-majors_x.htm
1189630038824386 Abama banana:http://toughpigs.com/anthernie00.htm
1189630040676567 Abama banana:http://www.baseball-reference.com/r/roberda07.shtml
1189630040738454 Abama banana:http://www.fcc.gov/fcc-bin/tvq?call=KOCB
1189630038639251 Abama banana:http://www.lsbu.ac.uk/news-php/news.php?newsid=86
1189630038711158 Abama banana:http://www.mtv.com/news/articles/1508677/20050831/duff_hilary.jhtml?headlines=true
1189630039746685 Abama banana:http://www.nielsenmedia.com/DMAs.html
1189630040816206 Abama banana:http://www.psa.ac.uk/awards2003/toynbee.htm
1189630039696207 Abama banana:http://www.usatoday.com/sports/bbw/columnist/nightengale/2005-01-19-majors_x.htm
1189630039451658 Abama banana:http://www.usdoj.gov/usao/iln/osc/documents/ag_letter_december_30_2003.pdf
1189630038654313 Abama banana:http://www.victoriacross.net
1189630041565692 Abama onion:http://sports.espn.go.com/mlb/players/profile?statsId=6305
1189630039544215 Abama onion:http://www.freebornhall.com/History/ResidenceHalls/
1189630040350020 Abama onion:http://www.guardian.co.uk/Columnists/Archive/0,5673,-25,0.html
1189630041565947 Abama onion:http://www.housing.berkeley.edu/housing/
1189630038734336 Abama onion:http://www.lsbu.ac.uk/news-php/news.php?newsid=86
1189630040498379 Abama onion:http://www.mtv.com/news/articles/1508677/20050831/duff_hilary.jhtml?headlines=true
1189630040879909 Abama onion:http://www.nielsenmedia.com/DMAs.html
1189630039817912 Abama onion:http://www.sesameworkshop.org/sesamestreet/
1189630041036344 Abama onion:http://www.usatoday.com/sports/bbw/columnist/nightengale/2005-01-19-majors_x.htm
1189630039019058 Abama onion:http://www.usdoj.gov/usao/iln/osc/documents/ag_letter_december_30_2003.pdf
1189630041337420 Abama cassis:http://haynese.winthrop.edu/india/medals/VC/1CSingh.html
1189630040850738 Abama cassis:http://pbskids.org/sesame/index.html
1189630040725288 Abama cassis:http://sports.espn.go.com/mlb/players/profile?statsId=6305
1189630040851188 Abama cassis:http://www.eighttribes.org/modoc/
1189630041354646 Abama cassis:http://www.klamathtribes.org
1189630038739474 Abama cassis:http://www.nielsenmedia.com/DMAs.html
1189630040438909 Abama cassis:http://www.usdoj.gov/usao/iln/osc/documents/ag_letter_december_30_2003.pdf
1189630041392301 Abama cherry:http://toughpigs.com/anthernie00.htm
1189630039085877 Abama cherry:http://www.baseball-reference.com/r/roberda07.shtml
1189630040652900 Abama cherry:http://www.guardian.co.uk/Columnists/Archive/0,5673,-25,0.html
1189630041558636 Abama cherry:http://www.klamathtribes.org
1189630040432684 Abama cherry:http://www.lsbu.ac.uk/news-php/news.php?newsid=86
1189630040930826 Abama cherry:http://www.sesameworkshop.org/sesamestreet/
1189630041645190 Abama yam:http://haynese.winthrop.edu/india/medals/VC/1CSingh.html
1189630040958168 Abama yam:http://pbskids.org/sesame/index.html
1189630040451395 Abama yam:http://toughpigs.com/anthernie00.htm
1189630040264899 Abama yam:http://www.guardian.co.uk/Columnists/Archive/0,5673,-25,0.html
1189630039487737 Abama yam:http://www.housing.berkeley.edu/housing/
1189630040725622 Abama yam:http://www.klamathtribes.org
1189630041618492 Abama yam:http://www.mtv.com/news/articles/1508677/20050831/duff_hilary.jhtml?headlines=true
1189630040991652 Abama yam:http://www.psa.ac.uk/awards2003/toynbee.htm
1189630040464730 Abama yam:http://www.sesameworkshop.org/sesamestreet/
1189630040646255 Abama yam:http://www.sirlinksalot.net/bertandernie.html
1189630041638371 Abama plum:http://pbskids.org/sesame/index.html
1189630039531577 Abama plum:http://toughpigs.com/anthernie00.htm
1189630040914384 Abama plum:http://www.baseball-reference.com/r/roberda07.shtml
1189630039018997 Abama plum:http://www.fcc.gov/fcc-bin/tvq?call=KOCB
1189630038765284 Abama plum:http://www.housing.berkeley.edu/housing/
1189630040045587 Abama plum:http://www.sirlinksalot.net/bertandernie.html
1189630039732907 Abama broccoli:http://toughpigs.com/anthernie00.htm
1189630038659096 Abama broccoli:http://www.eighttribes.org/modoc/
1189630039752593 Abama broccoli:http://www.sesameworkshop.org/sesamestreet/
1189630040401096 Abama broccoli:http://www.sirlinksalot.net/bertandernie.html
1189630041565844 Abama broccoli:http://www.usdoj.gov/usao/iln/osc/documents/ag_letter_december_30_2003.pdf
1189630041678828 Abanic banana:http://haynese.winthrop.edu/india/medals/VC/1CSingh.html
1189630041517879 Abanic cassis:http://www.housing.berkeley.edu/housing/
1189630041631748 Abanic cherry:http://www.guardian.co.uk/Columnists/Archive/0,5673,-25,0.html
1189630041423095 Abanic cherry:http://www.housing.berkeley.edu/housing/
1189630041644776 Abanic yam:http://sports.espn.go.com/mlb/players/profile?statsId=6305
1189630041464068 Abanic yam:http://www.mtv.com/news/articles/1508677/20050831/duff_hilary.jhtml?headlines=true
rsclient> quit
