Welcome to the Range Server command interpreter.
Type 'help' for a description of commands.

rsclient> update Test3 Test2-data.txt
success
success
success
success
success
success
success
success
success
success
success
success
success
success
success
success
success
success
success
success
success
success
success
success
success
success
success
success
success
success
success
success
success
success
success
success
success
success
success
success
success
success
success
success
success
success
success
success
success
success
success
success
success
success
success
success
success
success
success
success
success
success
success
success
success
success
success
success
success
success
success
success
success
success
success
success
success
success
success
success
success
success
success
success
success
success
success
success
success
success
success
success
success
success
success
success
success
success
success
success
success
success
success
success
success
success
success
success
success
success
success
success
success
success
success
success
success
success
success
success
success
success
success
success
success
success
success
success
success
success
success
success
success
success
success
success
success
success
success
success
success
success
success
success
success
success
success
success
success
success
success
success
success
success
success
success
success
success
success
success
success
success
success
success
success
success
success
success
success
success
success
success
success
success
success
success
success
success
success
success
success
success
success
success
success
success
success
success
success
success
success
success
success
success
success
success
success
success
success
success
success
success
success
success
success
success
success
success
success
success
success
success
success
success
success
success
success
success
success
success
success
success
success
success
success
success
success
success
success
success
success
success
success
success
success
success
success
success
success
success
success
success
success
success
success
success
success
success
success
success
success
success
success
success
success
success
success
success
success
success
success
success
success
success
success
success
success
success
success
success
success
success
success
success
success
success
success
success
success
success
success
success
success
success
success
success
success
success
success
success
success
success
success
success
success
success
success
success
success
success
success
success
success
success
success
success
success
success
success
success
success
success
success
success
success
success
success
success
success
success
success
success
success
success
success
success
success
success
success
success
success
success
success
success
success
success
success
success
success
success
success
success
success
success
success
success
success
success
success
success
success
success
success
rsclient> create scanner Test3[..??]
1189631333354075 A plum:http://sports.espn.go.com/mlb/players/profile?statsId=6305
1189631332683722 A plum:http://sports.espn.go.com/mlb/players/profile?statsId=6305
1189631333619911 A plum:http://www.baseball-reference.com/r/roberda07.shtml
1189631333217155 A plum:http://www.baseball-reference.com/r/roberda07.shtml
1189631332867851 A plum:http://www.baseball-reference.com/r/roberda07.shtml
1189631333160093 A plum:http://www.eighttribes.org/modoc/
1189631332885362 A plum:http://www.eighttribes.org/modoc/
1189631332698684 A plum:http://www.guardian.co.uk/Columnists/Archive/0,5673,-25,0.html
1189631333685838 A plum:http://www.klamathtribes.org
1189631332107077 A plum:http://www.sesameworkshop.org/sesamestreet/
1189631333065058 A plum:http://www.sirlinksalot.net/bertandernie.html
1189631332628518 A plum:http://www.usdoj.gov/usao/iln/osc/documents/ag_letter_december_30_2003.pdf
1189631333379161 A plum:http://www.victoriacross.net
1189631333441563 A broccoli:http://haynese.winthrop.edu/india/medals/VC/1CSingh.html
1189631333104852 A broccoli:http://sports.espn.go.com/mlb/players/profile?statsId=6305
1189631333018356 A broccoli:http://toughpigs.com/anthernie00.htm
1189631332041745 A broccoli:http://www.baseball-reference.com/r/roberda07.shtml
1189631333191818 A broccoli:http://www.fcc.gov/fcc-bin/tvq?call=KOCB
1189631333289830 A broccoli:http://www.freebornhall.com/History/ResidenceHalls/
1189631332998518 A broccoli:http://www.housing.berkeley.edu/housing/
1189631331837016 A broccoli:http://www.klamathtribes.org
1189631332641855 A broccoli:http://www.psa.ac.uk/awards2003/toynbee.htm
1189631332429009 A broccoli:http://www.usdoj.gov/usao/iln/osc/documents/ag_letter_december_30_2003.pdf
1189631331861362 A yam:http://haynese.winthrop.edu/india/medals/VC/1CSingh.html
1189631332228190 A yam:http://sports.espn.go.com/mlb/players/profile?statsId=6305
1189631333612976 A yam:http://toughpigs.com/anthernie00.htm
1189631332426766 A yam:http://www.fcc.gov/fcc-bin/tvq?call=KOCB
1189631332810740 A yam:http://www.freebornhall.com/History/ResidenceHalls/
1189631332580918 A yam:http://www.freebornhall.com/History/ResidenceHalls/
1189631333183793 A yam:http://www.guardian.co.uk/Columnists/Archive/0,5673,-25,0.html
1189631332529719 A yam:http://www.nielsenmedia.com/DMAs.html
1189631331922346 A yam:http://www.psa.ac.uk/awards2003/toynbee.htm
1189631333464119 A yam:http://www.sesameworkshop.org/sesamestreet/
1189631332655570 A yam:http://www.sesameworkshop.org/sesamestreet/
1189631332560121 A yam:http://www.usatoday.com/sports/bbw/columnist/nightengale/2005-01-19-majors_x.htm
1189631332793294 A cherry:http://pbskids.org/sesame/index.html
1189631333605731 A cherry:http://toughpigs.com/anthernie00.htm
1189631332778558 A cherry:http://www.fcc.gov/fcc-bin/tvq?call=KOCB
1189631332766448 A cherry:http://www.fcc.gov/fcc-bin/tvq?call=KOCB
1189631332574322 A cherry:http://www.freebornhall.com/History/ResidenceHalls/
1189631331860934 A cherry:http://www.housing.berkeley.edu/housing/
1189631333208575 A cherry:http://www.lsbu.ac.uk/news-php/news.php?newsid=86
1189631333190610 A cherry:http://www.nielsenmedia.com/DMAs.html
1189631332955476 A cherry:http://www.psa.ac.uk/awards2003/toynbee.htm
1189631333055873 A cherry:http://www.usdoj.gov/usao/iln/osc/documents/ag_letter_december_30_2003.pdf
1189631332069897 A banana:http://haynese.winthrop.edu/india/medals/VC/1CSingh.html
1189631332002648 A banana:http://www.eighttribes.org/modoc/
1189631332272883 A banana:http://www.fcc.gov/fcc-bin/tvq?call=KOCB
1189631332044245 A banana:http://www.fcc.gov/fcc-bin/tvq?call=KOCB
1189631333195463 A banana:http://www.freebornhall.com/History/ResidenceHalls/
1189631333601284 A banana:http://www.guardian.co.uk/Columnists/Archive/0,5673,-25,0.html
1189631333111806 A banana:http://www.guardian.co.uk/Columnists/Archive/0,5673,-25,0.html
1189631332989350 A banana:http://www.housing.berkeley.edu/housing/
1189631332195005 A banana:http://www.psa.ac.uk/awards2003/toynbee.htm
1189631331911168 A banana:http://www.usdoj.gov/usao/iln/osc/documents/ag_letter_december_30_2003.pdf
1189631331832310 A banana:http://www.victoriacross.net
1189631332262329 A apple:http://haynese.winthrop.edu/india/medals/VC/1CSingh.html
1189631332072375 A apple:http://pbskids.org/sesame/index.html
1189631332153127 A apple:http://www.freebornhall.com/History/ResidenceHalls/
1189631332538495 A apple:http://www.guardian.co.uk/Columnists/Archive/0,5673,-25,0.html
1189631332218881 A apple:http://www.nielsenmedia.com/DMAs.html
1189631332816922 A apple:http://www.sesameworkshop.org/sesamestreet/
1189631333315161 A apple:http://www.usdoj.gov/usao/iln/osc/documents/ag_letter_december_30_2003.pdf
1189631333503737 A onion:http://sports.espn.go.com/mlb/players/profile?statsId=6305
1189631333262250 A onion:http://sports.espn.go.com/mlb/players/profile?statsId=6305
1189631332925429 A onion:http://sports.espn.go.com/mlb/players/profile?statsId=6305
1189631333239324 A onion:http://www.eighttribes.org/modoc/
1189631332764594 A onion:http://www.eighttribes.org/modoc/
1189631332811404 A onion:http://www.fcc.gov/fcc-bin/tvq?call=KOCB
1189631332617014 A onion:http://www.freebornhall.com/History/ResidenceHalls/
1189631332617993 A onion:http://www.guardian.co.uk/Columnists/Archive/0,5673,-25,0.html
1189631331850300 A onion:http://www.guardian.co.uk/Columnists/Archive/0,5673,-25,0.html
1189631333485005 A onion:http://www.mtv.com/news/articles/1508677/20050831/duff_hilary.jhtml?headlines=true
1189631331840068 A onion:http://www.mtv.com/news/articles/1508677/20050831/duff_hilary.jhtml?headlines=true
1189631332082280 A onion:http://www.psa.ac.uk/awards2003/toynbee.htm
1189631333302639 A onion:http://www.sirlinksalot.net/bertandernie.html
1189631331989982 A onion:http://www.usatoday.com/sports/bbw/columnist/nightengale/2005-01-19-majors_x.htm
1189631333189651 A cassis:http://haynese.winthrop.edu/india/medals/VC/1CSingh.html
1189631332733006 A cassis:http://pbskids.org/sesame/index.html
1189631331868443 A cassis:http://sports.espn.go.com/mlb/players/profile?statsId=6305
1189631332789706 A cassis:http://www.baseball-reference.com/r/roberda07.shtml
1189631332122882 A cassis:http://www.eighttribes.org/modoc/
1189631331843756 A cassis:http://www.fcc.gov/fcc-bin/tvq?call=KOCB
1189631333447548 A cassis:http://www.guardian.co.uk/Columnists/Archive/0,5673,-25,0.html
1189631332768090 A cassis:http://www.sesameworkshop.org/sesamestreet/
1189631333559537 A cassis:http://www.sirlinksalot.net/bertandernie.html
1189631332719624 A cassis:http://www.usatoday.com/sports/bbw/columnist/nightengale/2005-01-19-majors_x.htm
1189631333492903 Aani plum:http://www.freebornhall.com/History/ResidenceHalls/
1189631333544022 Aani plum:http://www.usatoday.com/sports/bbw/columnist/nightengale/2005-01-19-majors_x.htm
1189631333393824 Aani broccoli:http://www.sesameworkshop.org/sesamestreet/
1189631333644910 Aani yam:http://pbskids.org/sesame/index.html
1189631333567885 Aani yam:http://pbskids.org/sesame/index.html
1189631333465237 Aani yam:http://pbskids.org/sesame/index.html
1189631333541188 Aani yam:http://sports.espn.go.com/mlb/players/profile?statsId=6305
1189631333661932 Aani yam:http://www.guardian.co.uk/Columnists/Archive/0,5673,-25,0.html
1189631333552302 Aani yam:http://www.nielsenmedia.com/DMAs.html
1189631333618464 Aani cherry:http://www.housing.berkeley.edu/housing/
1189631333461047 Aani cherry:http://www.victoriacross.net
1189631333302665 Aani banana:http://haynese.winthrop.edu/india/medals/VC/1CSingh.html
1189631333575440 Aani banana:http://www.psa.ac.uk/awards2003/toynbee.htm
1189631333556507 Aani apple:http://www.psa.ac.uk/awards2003/toynbee.htm
1189631333307949 Aani onion:http://www.baseball-reference.com/r/roberda07.shtml
1189631333632645 Aani onion:http://www.klamathtribes.org
1189631333554411 Aani onion:http://www.usatoday.com/sports/bbw/columnist/nightengale/2005-01-19-majors_x.htm
1189631333336289 Aani cassis:http://haynese.winthrop.edu/india/medals/VC/1CSingh.html
1189631333675653 Aani cassis:http://pbskids.org/sesame/index.html
1189631333375221 Aani cassis:http://www.usdoj.gov/usao/iln/osc/documents/ag_letter_december_30_2003.pdf
1189631333201826 Aaron plum:http://toughpigs.com/anthernie00.htm
1189631332557033 Aaron plum:http://www.housing.berkeley.edu/housing/
1189631333422758 Aaron plum:http://www.mtv.com/news/articles/1508677/20050831/duff_hilary.jhtml?headlines=true
1189631333603257 Aaron broccoli:http://www.baseball-reference.com/r/roberda07.shtml
1189631332888125 Aaron broccoli:http://www.fcc.gov/fcc-bin/tvq?call=KOCB
1189631333584518 Aaron broccoli:http://www.klamathtribes.org
1189631333315913 Aaron broccoli:http://www.psa.ac.uk/awards2003/toynbee.htm
1189631332932771 Aaron yam:http://toughpigs.com/anthernie00.htm
1189631332817286 Aaron yam:http://www.fcc.gov/fcc-bin/tvq?call=KOCB
1189631332960944 Aaron yam:http://www.guardian.co.uk/Columnists/Archive/0,5673,-25,0.html
1189631333263052 Aaron yam:http://www.sirlinksalot.net/bertandernie.html
1189631333470684 Aaron yam:http://www.usatoday.com/sports/bbw/columnist/nightengale/2005-01-19-majors_x.htm
1189631333100687 Aaron yam:http://www.usatoday.com/sports/bbw/columnist/nightengale/2005-01-19-majors_x.htm
1189631333678501 Aaron cherry:http://www.baseball-reference.com/r/roberda07.shtml
1189631333177582 Aaron cherry:http://www.fcc.gov/fcc-bin/tvq?call=KOCB
1189631332920513 Aaron cherry:http://www.freebornhall.com/History/ResidenceHalls/
1189631333473304 Aaron cherry:http://www.guardian.co.uk/Columnists/Archive/0,5673,-25,0.html
1189631333141159 Aaron cherry:http://www.housing.berkeley.edu/housing/
1189631332934023 Aaron cherry:http://www.psa.ac.uk/awards2003/toynbee.htm
1189631333188164 Aaron cherry:http://www.usatoday.com/sports/bbw/columnist/nightengale/2005-01-19-majors_x.htm
1189631332720081 Aaron banana:http://haynese.winthrop.edu/india/medals/VC/1CSingh.html
1189631333639494 Aaron banana:http://www.baseball-reference.com/r/roberda07.shtml
1189631333446827 Aaron banana:http://www.eighttribes.org/modoc/
1189631333577271 Aaron banana:http://www.freebornhall.com/History/ResidenceHalls/
1189631333002087 Aaron banana:http://www.mtv.com/news/articles/1508677/20050831/duff_hilary.jhtml?headlines=true
1189631332649062 Aaron banana:http://www.nielsenmedia.com/DMAs.html
1189631333531285 Aaron banana:http://www.usdoj.gov/usao/iln/osc/documents/ag_letter_december_30_2003.pdf
1189631333081640 Aaron banana:http://www.victoriacross.net
1189631332964538 Aaron banana:http://www.victoriacross.net
1189631333113657 Aaron apple:http://pbskids.org/sesame/index.html
1189631333447158 Aaron apple:http://toughpigs.com/anthernie00.htm
1189631332939022 Aaron apple:http://www.baseball-reference.com/r/roberda07.shtml
1189631333521379 Aaron apple:http://www.fcc.gov/fcc-bin/tvq?call=KOCB
1189631332921222 Aaron apple:http://www.klamathtribes.org
1189631333507269 Aaron apple:http://www.lsbu.ac.uk/news-php/news.php?newsid=86
1189631333653481 Aaron apple:http://www.nielsenmedia.com/DMAs.html
1189631332893236 Aaron apple:http://www.sirlinksalot.net/bertandernie.html
1189631332956810 Aaron apple:http://www.usatoday.com/sports/bbw/columnist/nightengale/2005-01-19-majors_x.htm
1189631333030206 Aaron onion:http://www.guardian.co.uk/Columnists/Archive/0,5673,-25,0.html
1189631332878130 Aaron onion:http://www.klamathtribes.org
1189631332705622 Aaron onion:http://www.mtv.com/news/articles/1508677/20050831/duff_hilary.jhtml?headlines=true
1189631332546174 Aaron onion:http://www.nielsenmedia.com/DMAs.html
1189631333537486 Aaron onion:http://www.sesameworkshop.org/sesamestreet/
1189631332696460 Aaron onion:http://www.usatoday.com/sports/bbw/columnist/nightengale/2005-01-19-majors_x.htm
1189631333105684 Aaron cassis:http://pbskids.org/sesame/index.html
1189631333235677 Aaron cassis:http://sports.espn.go.com/mlb/players/profile?statsId=6305
1189631332657894 Aaron cassis:http://www.fcc.gov/fcc-bin/tvq?call=KOCB
1189631332751351 Aaron cassis:http://www.guardian.co.uk/Columnists/Archive/0,5673,-25,0.html
1189631332823106 Aaron cassis:http://www.lsbu.ac.uk/news-php/news.php?newsid=86
1189631333152518 Aaron cassis:http://www.psa.ac.uk/awards2003/toynbee.htm
1189631333160923 Aaron cassis:http://www.usatoday.com/sports/bbw/columnist/nightengale/2005-01-19-majors_x.htm
1189631333069681 Aaron cassis:http://www.usdoj.gov/usao/iln/osc/documents/ag_letter_december_30_2003.pdf
1189631333713026 Aaronic broccoli:http://www.usdoj.gov/usao/iln/osc/documents/ag_letter_december_30_2003.pdf
1189631333690811 Aaronic yam:http://www.sesameworkshop.org/sesamestreet/
1189631333292888 Aaronic yam:http://www.usdoj.gov/usao/iln/osc/documents/ag_letter_december_30_2003.pdf
1189631333707409 Aaronic cherry:http://www.eighttribes.org/modoc/
1189631333707052 Aaronic banana:http://www.eighttribes.org/modoc/
1189631333685795 Aaronic apple:http://www.eighttribes.org/modoc/
1189631333330079 Aaronical plum:http://www.lsbu.ac.uk/news-php/news.php?newsid=86
1189631333654518 Aaronical broccoli:http://toughpigs.com/anthernie00.htm
1189631333577842 Aaronical yam:http://www.fcc.gov/fcc-bin/tvq?call=KOCB
1189631333325490 Aaronical yam:http://www.sirlinksalot.net/bertandernie.html
1189631333555023 Aaronical yam:http://www.usatoday.com/sports/bbw/columnist/nightengale/2005-01-19-majors_x.htm
1189631333711643 Aaronical cherry:http://pbskids.org/sesame/index.html
1189631333221451 Aaronical cherry:http://pbskids.org/sesame/index.html
1189631333369023 Aaronical cherry:http://www.klamathtribes.org
1189631333422382 Aaronical cherry:http://www.victoriacross.net
1189631333525393 Aaronical banana:http://www.klamathtribes.org
1189631333129552 Aaronical banana:http://www.victoriacross.net
1189631333545719 Aaronical onion:http://toughpigs.com/anthernie00.htm
1189631333148840 Aaronical cassis:http://toughpigs.com/anthernie00.htm
1189631333556859 Aaronical cassis:http://www.klamathtribes.org
1189631333287872 Aaronical cassis:http://www.lsbu.ac.uk/news-php/news.php?newsid=86
1189631333508783 Aaronical cassis:http://www.victoriacross.net
1189631333535076 Aaronite plum:http://toughpigs.com/anthernie00.htm
1189631333523904 Aaronite plum:http://www.guardian.co.uk/Columnists/Archive/0,5673,-25,0.html
1189631333648320 Aaronite broccoli:http://www.eighttribes.org/modoc/
1189631333690528 Aaronite broccoli:http://www.freebornhall.com/History/ResidenceHalls/
1189631333571121 Aaronite broccoli:http://www.klamathtribes.org
1189631333451712 Aaronite yam:http://sports.espn.go.com/mlb/players/profile?statsId=6305
1189631333544807 Aaronite yam:http://www.housing.berkeley.edu/housing/
1189631333631229 Aaronite cherry:http://www.baseball-reference.com/r/roberda07.shtml
1189631333612046 Aaronite cherry:http://www.fcc.gov/fcc-bin/tvq?call=KOCB
1189631333570434 Aaronite cherry:http://www.mtv.com/news/articles/1508677/20050831/duff_hilary.jhtml?headlines=true
1189631333356308 Aaronite cherry:http://www.victoriacross.net
1189631333404239 Aaronite banana:http://www.guardian.co.uk/Columnists/Archive/0,5673,-25,0.html
1189631333468303 Aaronite banana:http://www.klamathtribes.org
1189631333516368 Aaronite banana:http://www.psa.ac.uk/awards2003/toynbee.htm
1189631333459730 Aaronite apple:http://www.eighttribes.org/modoc/
1189631333671366 Aaronite apple:http://www.mtv.com/news/articles/1508677/20050831/duff_hilary.jhtml?headlines=true
1189631333563266 Aaronite apple:http://www.nielsenmedia.com/DMAs.html
1189631333397629 Aaronite apple:http://www.usatoday.com/sports/bbw/columnist/nightengale/2005-01-19-majors_x.htm
1189631333632802 Aaronite onion:http://www.nielsenmedia.com/DMAs.html
1189631333375368 Aaronite onion:http://www.nielsenmedia.com/DMAs.html
1189631333641792 Aaronite cassis:http://www.baseball-reference.com/r/roberda07.shtml
1189631333437273 Aaronite cassis:http://www.housing.berkeley.edu/housing/
1189631333093462 Aaronitic plum:http://haynese.winthrop.edu/india/medals/VC/1CSingh.html
1189631333030784 Aaronitic plum:http://haynese.winthrop.edu/india/medals/VC/1CSingh.html
1189631333167914 Aaronitic plum:http://pbskids.org/sesame/index.html
1189631332798401 Aaronitic plum:http://pbskids.org/sesame/index.html
1189631332508725 Aaronitic plum:http://pbskids.org/sesame/index.html
1189631333539167 Aaronitic plum:http://toughpigs.com/anthernie00.htm
1189631332615259 Aaronitic plum:http://www.baseball-reference.com/r/roberda07.shtml
1189631332266502 Aaronitic plum:http://www.fcc.gov/fcc-bin/tvq?call=KOCB
1189631333538555 Aaronitic plum:http://www.freebornhall.com/History/ResidenceHalls/
1189631332670289 Aaronitic plum:http://www.klamathtribes.org
1189631333527752 Aaronitic plum:http://www.lsbu.ac.uk/news-php/news.php?newsid=86
1189631332166432 Aaronitic plum:http://www.lsbu.ac.uk/news-php/news.php?newsid=86
1189631332229556 Aaronitic plum:http://www.sesameworkshop.org/sesamestreet/
1189631333434222 Aaronitic plum:http://www.sirlinksalot.net/bertandernie.html
1189631333187075 Aaronitic plum:http://www.victoriacross.net
1189631332709243 Aaronitic plum:http://www.victoriacross.net
1189631333279233 Aaronitic broccoli:http://haynese.winthrop.edu/india/medals/VC/1CSingh.html
1189631333234653 Aaronitic broccoli:http://www.eighttribes.org/modoc/
1189631333649131 Aaronitic broccoli:http://www.guardian.co.uk/Columnists/Archive/0,5673,-25,0.html
1189631333417562 Aaronitic broccoli:http://www.housing.berkeley.edu/housing/
1189631333094869 Aaronitic broccoli:http://www.lsbu.ac.uk/news-php/news.php?newsid=86
1189631332843765 Aaronitic broccoli:http://www.psa.ac.uk/awards2003/toynbee.htm
1189631333061200 Aaronitic broccoli:http://www.sesameworkshop.org/sesamestreet/
1189631332725292 Aaronitic broccoli:http://www.usdoj.gov/usao/iln/osc/documents/ag_letter_december_30_2003.pdf
1189631333152944 Aaronitic broccoli:http://www.victoriacross.net
1189631333100637 Aaronitic yam:http://pbskids.org/sesame/index.html
1189631333103044 Aaronitic yam:http://sports.espn.go.com/mlb/players/profile?statsId=6305
1189631333095872 Aaronitic yam:http://toughpigs.com/anthernie00.htm
1189631333334800 Aaronitic yam:http://www.freebornhall.com/History/ResidenceHalls/
1189631332490821 Aaronitic yam:http://www.guardian.co.uk/Columnists/Archive/0,5673,-25,0.html
1189631332339808 Aaronitic yam:http://www.guardian.co.uk/Columnists/Archive/0,5673,-25,0.html
1189631332186330 Aaronitic yam:http://www.lsbu.ac.uk/news-php/news.php?newsid=86
1189631333625143 Aaronitic yam:http://www.mtv.com/news/articles/1508677/20050831/duff_hilary.jhtml?headlines=true
1189631332396867 Aaronitic yam:http://www.mtv.com/news/articles/1508677/20050831/duff_hilary.jhtml?headlines=true
1189631332659865 Aaronitic yam:http://www.psa.ac.uk/awards2003/toynbee.htm
1189631333151287 Aaronitic yam:http://www.sirlinksalot.net/bertandernie.html
1189631332455103 Aaronitic yam:http://www.usdoj.gov/usao/iln/osc/documents/ag_letter_december_30_2003.pdf
1189631332518129 Aaronitic cherry:http://haynese.winthrop.edu/india/medals/VC/1CSingh.html
1189631332528005 Aaronitic cherry:http://toughpigs.com/anthernie00.htm
1189631333058636 Aaronitic cherry:http://www.baseball-reference.com/r/roberda07.shtml
1189631333458102 Aaronitic cherry:http://www.freebornhall.com/History/ResidenceHalls/
1189631332887009 Aaronitic cherry:http://www.lsbu.ac.uk/news-php/news.php?newsid=86
1189631332129819 Aaronitic cherry:http://www.lsbu.ac.uk/news-php/news.php?newsid=86
1189631333311982 Aaronitic cherry:http://www.mtv.com/news/articles/1508677/20050831/duff_hilary.jhtml?headlines=true
1189631332994144 Aaronitic cherry:http://www.mtv.com/news/articles/1508677/20050831/duff_hilary.jhtml?headlines=true
1189631332233851 Aaronitic cherry:http://www.nielsenmedia.com/DMAs.html
1189631332867245 Aaronitic cherry:http://www.psa.ac.uk/awards2003/toynbee.htm
1189631332520827 Aaronitic cherry:http://www.sesameworkshop.org/sesamestreet/
1189631333127659 Aaronitic cherry:http://www.usatoday.com/sports/bbw/columnist/nightengale/2005-01-19-majors_x.htm
1189631332499956 Aaronitic cherry:http://www.usdoj.gov/usao/iln/osc/documents/ag_letter_december_30_2003.pdf
1189631332959791 Aaronitic banana:http://haynese.winthrop.edu/india/medals/VC/1CSingh.html
1189631333716144 Aaronitic banana:http://pbskids.org/sesame/index.html
1189631333425551 Aaronitic banana:http://toughpigs.com/anthernie00.htm
1189631332839422 Aaronitic banana:http://www.eighttribes.org/modoc/
1189631332236990 Aaronitic banana:http://www.fcc.gov/fcc-bin/tvq?call=KOCB
1189631332622648 Aaronitic banana:http://www.guardian.co.uk/Columnists/Archive/0,5673,-25,0.html
1189631333563024 Aaronitic banana:http://www.lsbu.ac.uk/news-php/news.php?newsid=86
1189631332670419 Aaronitic banana:http://www.mtv.com/news/articles/1508677/20050831/duff_hilary.jhtml?headlines=true
1189631333656469 Aaronitic banana:http://www.nielsenmedia.com/DMAs.html
1189631332863506 Aaronitic banana:http://www.sesameworkshop.org/sesamestreet/
1189631332798041 Aaronitic banana:http://www.sesameworkshop.org/sesamestreet/
1189631333084582 Aaronitic banana:http://www.usatoday.com/sports/bbw/columnist/nightengale/2005-01-19-majors_x.htm
1189631332779002 Aaronitic banana:http://www.usdoj.gov/usao/iln/osc/documents/ag_letter_december_30_2003.pdf
1189631332744867 Aaronitic apple:http://haynese.winthrop.edu/india/medals/VC/1CSingh.html
1189631333584722 Aaronitic apple:http://pbskids.org/sesame/index.html
1189631333318172 Aaronitic apple:http://sports.espn.go.com/mlb/players/profile?statsId=6305
1189631333134904 Aaronitic apple:http://www.baseball-reference.com/r/roberda07.shtml
1189631333616536 Aaronitic apple:http://www.fcc.gov/fcc-bin/tvq?call=KOCB
1189631332730502 Aaronitic apple:http://www.lsbu.ac.uk/news-php/news.php?newsid=86
1189631332990164 Aaronitic apple:http://www.psa.ac.uk/awards2003/toynbee.htm
1189631333674286 Aaronitic apple:http://www.usatoday.com/sports/bbw/columnist/nightengale/2005-01-19-majors_x.htm
1189631333533250 Aaronitic apple:http://www.usdoj.gov/usao/iln/osc/documents/ag_letter_december_30_2003.pdf
1189631332768584 Aaronitic apple:http://www.victoriacross.net
1189631333658529 Aaronitic onion:http://haynese.winthrop.edu/india/medals/VC/1CSingh.html
1189631332673675 Aaronitic onion:http://haynese.winthrop.edu/india/medals/VC/1CSingh.html
1189631333681084 Aaronitic onion:http://sports.espn.go.com/mlb/players/profile?statsId=6305
1189631332594257 Aaronitic onion:http://sports.espn.go.com/mlb/players/profile?statsId=6305
1189631333117419 Aaronitic onion:http://toughpigs.com/anthernie00.htm
1189631332590687 Aaronitic onion:http://www.freebornhall.com/History/ResidenceHalls/
rsclient> destroy scanner
rsclient> create scanner Test3[..??] max-versions=2
1189631333354075 A plum:http://sports.espn.go.com/mlb/players/profile?statsId=6305
1189631332683722 A plum:http://sports.espn.go.com/mlb/players/profile?statsId=6305
1189631333619911 A plum:http://www.baseball-reference.com/r/roberda07.shtml
1189631333217155 A plum:http://www.baseball-reference.com/r/roberda07.shtml
1189631333160093 A plum:http://www.eighttribes.org/modoc/
1189631332885362 A plum:http://www.eighttribes.org/modoc/
1189631332698684 A plum:http://www.guardian.co.uk/Columnists/Archive/0,5673,-25,0.html
1189631333685838 A plum:http://www.klamathtribes.org
1189631332107077 A plum:http://www.sesameworkshop.org/sesamestreet/
1189631333065058 A plum:http://www.sirlinksalot.net/bertandernie.html
1189631332628518 A plum:http://www.usdoj.gov/usao/iln/osc/documents/ag_letter_december_30_2003.pdf
1189631333379161 A plum:http://www.victoriacross.net
1189631333441563 A broccoli:http://haynese.winthrop.edu/india/medals/VC/1CSingh.html
1189631333104852 A broccoli:http://sports.espn.go.com/mlb/players/profile?statsId=6305
1189631333018356 A broccoli:http://toughpigs.com/anthernie00.htm
1189631332041745 A broccoli:http://www.baseball-reference.com/r/roberda07.shtml
1189631333191818 A broccoli:http://www.fcc.gov/fcc-bin/tvq?call=KOCB
1189631333289830 A broccoli:http://www.freebornhall.com/History/ResidenceHalls/
1189631332998518 A broccoli:http://www.housing.berkeley.edu/housing/
1189631331837016 A broccoli:http://www.klamathtribes.org
1189631332641855 A broccoli:http://www.psa.ac.uk/awards2003/toynbee.htm
1189631332429009 A broccoli:http://www.usdoj.gov/usao/iln/osc/documents/ag_letter_december_30_2003.pdf
1189631331861362 A yam:http://haynese.winthrop.edu/india/medals/VC/1CSingh.html
1189631332228190 A yam:http://sports.espn.go.com/mlb/players/profile?statsId=6305
1189631333612976 A yam:http://toughpigs.com/anthernie00.htm
1189631332426766 A yam:http://www.fcc.gov/fcc-bin/tvq?call=KOCB
1189631332810740 A yam:http://www.freebornhall.com/History/ResidenceHalls/
1189631332580918 A yam:http://www.freebornhall.com/History/ResidenceHalls/
1189631333183793 A yam:http://www.guardian.co.uk/Columnists/Archive/0,5673,-25,0.html
1189631332529719 A yam:http://www.nielsenmedia.com/DMAs.html
1189631331922346 A yam:http://www.psa.ac.uk/awards2003/toynbee.htm
1189631333464119 A yam:http://www.sesameworkshop.org/sesamestreet/
1189631332655570 A yam:http://www.sesameworkshop.org/sesamestreet/
1189631332560121 A yam:http://www.usatoday.com/sports/bbw/columnist/nightengale/2005-01-19-majors_x.htm
1189631332793294 A cherry:http://pbskids.org/sesame/index.html
1189631333605731 A cherry:http://toughpigs.com/anthernie00.htm
1189631332778558 A cherry:http://www.fcc.gov/fcc-bin/tvq?call=KOCB
1189631332766448 A cherry:http://www.fcc.gov/fcc-bin/tvq?call=KOCB
1189631332574322 A cherry:http://www.freebornhall.com/History/ResidenceHalls/
1189631331860934 A cherry:http://www.housing.berkeley.edu/housing/
1189631333208575 A cherry:http://www.lsbu.ac.uk/news-php/news.php?newsid=86
1189631333190610 A cherry:http://www.nielsenmedia.com/DMAs.html
1189631332955476 A cherry:http://www.psa.ac.uk/awards2003/toynbee.htm
1189631333055873 A cherry:http://www.usdoj.gov/usao/iln/osc/documents/ag_letter_december_30_2003.pdf
1189631332069897 A banana:http://haynese.winthrop.edu/india/medals/VC/1CSingh.html
1189631332002648 A banana:http://www.eighttribes.org/modoc/
1189631332272883 A banana:http://www.fcc.gov/fcc-bin/tvq?call=KOCB
1189631332044245 A banana:http://www.fcc.gov/fcc-bin/tvq?call=KOCB
1189631333195463 A banana:http://www.freebornhall.com/History/ResidenceHalls/
1189631333601284 A banana:http://www.guardian.co.uk/Columnists/Archive/0,5673,-25,0.html
1189631333111806 A banana:http://www.guardian.co.uk/Columnists/Archive/0,5673,-25,0.html
1189631332989350 A banana:http://www.housing.berkeley.edu/housing/
1189631332195005 A banana:http://www.psa.ac.uk/awards2003/toynbee.htm
1189631331911168 A banana:http://www.usdoj.gov/usao/iln/osc/documents/ag_letter_december_30_2003.pdf
1189631331832310 A banana:http://www.victoriacross.net
1189631332262329 A apple:http://haynese.winthrop.edu/india/medals/VC/1CSingh.html
1189631332072375 A apple:http://pbskids.org/sesame/index.html
1189631332153127 A apple:http://www.freebornhall.com/History/ResidenceHalls/
1189631332538495 A apple:http://www.guardian.co.uk/Columnists/Archive/0,5673,-25,0.html
1189631332218881 A apple:http://www.nielsenmedia.com/DMAs.html
1189631332816922 A apple:http://www.sesameworkshop.org/sesamestreet/
1189631333315161 A apple:http://www.usdoj.gov/usao/iln/osc/documents/ag_letter_december_30_2003.pdf
1189631333503737 A onion:http://sports.espn.go.com/mlb/players/profile?statsId=6305
1189631333262250 A onion:http://sports.espn.go.com/mlb/players/profile?statsId=6305
1189631333239324 A onion:http://www.eighttribes.org/modoc/
1189631332764594 A onion:http://www.eighttribes.org/modoc/
1189631332811404 A onion:http://www.fcc.gov/fcc-bin/tvq?call=KOCB
1189631332617014 A onion:http://www.freebornhall.com/History/ResidenceHalls/
1189631332617993 A onion:http://www.guardian.co.uk/Columnists/Archive/0,5673,-25,0.html
1189631331850300 A onion:http://www.guardian.co.uk/Columnists/Archive/0,5673,-25,0.html
1189631333485005 A onion:http://www.mtv.com/news/articles/1508677/20050831/duff_hilary.jhtml?headlines=true
1189631331840068 A onion:http://www.mtv.com/news/articles/1508677/20050831/duff_hilary.jhtml?headlines=true
1189631332082280 A onion:http://www.psa.ac.uk/awards2003/toynbee.htm
1189631333302639 A onion:http://www.sirlinksalot.net/bertandernie.html
1189631331989982 A onion:http://www.usatoday.com/sports/bbw/columnist/nightengale/2005-01-19-majors_x.htm
1189631333189651 A cassis:http://haynese.winthrop.edu/india/medals/VC/1CSingh.html
1189631332733006 A cassis:http://pbskids.org/sesame/index.html
1189631331868443 A cassis:http://sports.espn.go.com/mlb/players/profile?statsId=6305
1189631332789706 A cassis:http://www.baseball-reference.com/r/roberda07.shtml
1189631332122882 A cassis:http://www.eighttribes.org/modoc/
1189631331843756 A cassis:http://www.fcc.gov/fcc-bin/tvq?call=KOCB
1189631333447548 A cassis:http://www.guardian.co.uk/Columnists/Archive/0,5673,-25,0.html
1189631332768090 A cassis:http://www.sesameworkshop.org/sesamestreet/
1189631333559537 A cassis:http://www.sirlinksalot.net/bertandernie.html
1189631332719624 A cassis:http://www.usatoday.com/sports/bbw/columnist/nightengale/2005-01-19-majors_x.htm
1189631333492903 Aani plum:http://www.freebornhall.com/History/ResidenceHalls/
1189631333544022 Aani plum:http://www.usatoday.com/sports/bbw/columnist/nightengale/2005-01-19-majors_x.htm
1189631333393824 Aani broccoli:http://www.sesameworkshop.org/sesamestreet/
1189631333644910 Aani yam:http://pbskids.org/sesame/index.html
1189631333567885 Aani yam:http://pbskids.org/sesame/index.html
1189631333541188 Aani yam:http://sports.espn.go.com/mlb/players/profile?statsId=6305
1189631333661932 Aani yam:http://www.guardian.co.uk/Columnists/Archive/0,5673,-25,0.html
1189631333552302 Aani yam:http://www.nielsenmedia.com/DMAs.html
1189631333618464 Aani cherry:http://www.housing.berkeley.edu/housing/
1189631333461047 Aani cherry:http://www.victoriacross.net
1189631333302665 Aani banana:http://haynese.winthrop.edu/india/medals/VC/1CSingh.html
1189631333575440 Aani banana:http://www.psa.ac.uk/awards2003/toynbee.htm
1189631333556507 Aani apple:http://www.psa.ac.uk/awards2003/toynbee.htm
1189631333307949 Aani onion:http://www.baseball-reference.com/r/roberda07.shtml
1189631333632645 Aani onion:http://www.klamathtribes.org
1189631333554411 Aani onion:http://www.usatoday.com/sports/bbw/columnist/nightengale/2005-01-19-majors_x.htm
1189631333336289 Aani cassis:http://haynese.winthrop.edu/india/medals/VC/1CSingh.html
1189631333675653 Aani cassis:http://pbskids.org/sesame/index.html
1189631333375221 Aani cassis:http://www.usdoj.gov/usao/iln/osc/documents/ag_letter_december_30_2003.pdf
1189631333201826 Aaron plum:http://toughpigs.com/anthernie00.htm
1189631332557033 Aaron plum:http://www.housing.berkeley.edu/housing/
1189631333422758 Aaron plum:http://www.mtv.com/news/articles/1508677/20050831/duff_hilary.jhtml?headlines=true
1189631333603257 Aaron broccoli:http://www.baseball-reference.com/r/roberda07.shtml
1189631332888125 Aaron broccoli:http://www.fcc.gov/fcc-bin/tvq?call=KOCB
1189631333584518 Aaron broccoli:http://www.klamathtribes.org
1189631333315913 Aaron broccoli:http://www.psa.ac.uk/awards2003/toynbee.htm
1189631332932771 Aaron yam:http://toughpigs.com/anthernie00.htm
1189631332817286 Aaron yam:http://www.fcc.gov/fcc-bin/tvq?call=KOCB
1189631332960944 Aaron yam:http://www.guardian.co.uk/Columnists/Archive/0,5673,-25,0.html
1189631333263052 Aaron yam:http://www.sirlinksalot.net/bertandernie.html
1189631333470684 Aaron yam:http://www.usatoday.com/sports/bbw/columnist/nightengale/2005-01-19-majors_x.htm
1189631333100687 Aaron yam:http://www.usatoday.com/sports/bbw/columnist/nightengale/2005-01-19-majors_x.htm
1189631333678501 Aaron cherry:http://www.baseball-reference.com/r/roberda07.shtml
1189631333177582 Aaron cherry:http://www.fcc.gov/fcc-bin/tvq?call=KOCB
1189631332920513 Aaron cherry:http://www.freebornhall.com/History/ResidenceHalls/
1189631333473304 Aaron cherry:http://www.guardian.co.uk/Columnists/Archive/0,5673,-25,0.html
1189631333141159 Aaron cherry:http://www.housing.berkeley.edu/housing/
1189631332934023 Aaron cherry:http://www.psa.ac.uk/awards2003/toynbee.htm
1189631333188164 Aaron cherry:http://www.usatoday.com/sports/bbw/columnist/nightengale/2005-01-19-majors_x.htm
1189631332720081 Aaron banana:http://haynese.winthrop.edu/india/medals/VC/1CSingh.html
1189631333639494 Aaron banana:http://www.baseball-reference.com/r/roberda07.shtml
1189631333446827 Aaron banana:http://www.eighttribes.org/modoc/
1189631333577271 Aaron banana:http://www.freebornhall.com/History/ResidenceHalls/
1189631333002087 Aaron banana:http://www.mtv.com/news/articles/1508677/20050831/duff_hilary.jhtml?headlines=true
1189631332649062 Aaron banana:http://www.nielsenmedia.com/DMAs.html
1189631333531285 Aaron banana:http://www.usdoj.gov/usao/iln/osc/documents/ag_letter_december_30_2003.pdf
1189631333081640 Aaron banana:http://www.victoriacross.net
1189631332964538 Aaron banana:http://www.victoriacross.net
1189631333113657 Aaron apple:http://pbskids.org/sesame/index.html
1189631333447158 Aaron apple:http://toughpigs.com/anthernie00.htm
1189631332939022 Aaron apple:http://www.baseball-reference.com/r/roberda07.shtml
1189631333521379 Aaron apple:http://www.fcc.gov/fcc-bin/tvq?call=KOCB
1189631332921222 Aaron apple:http://www.klamathtribes.org
1189631333507269 Aaron apple:http://www.lsbu.ac.uk/news-php/news.php?newsid=86
1189631333653481 Aaron apple:http://www.nielsenmedia.com/DMAs.html
1189631332893236 Aaron apple:http://www.sirlinksalot.net/bertandernie.html
1189631332956810 Aaron apple:http://www.usatoday.com/sports/bbw/columnist/nightengale/2005-01-19-majors_x.htm
1189631333030206 Aaron onion:http://www.guardian.co.uk/Columnists/Archive/0,5673,-25,0.html
1189631332878130 Aaron onion:http://www.klamathtribes.org
1189631332705622 Aaron onion:http://www.mtv.com/news/articles/1508677/20050831/duff_hilary.jhtml?headlines=true
1189631332546174 Aaron onion:http://www.nielsenmedia.com/DMAs.html
1189631333537486 Aaron onion:http://www.sesameworkshop.org/sesamestreet/
1189631332696460 Aaron onion:http://www.usatoday.com/sports/bbw/columnist/nightengale/2005-01-19-majors_x.htm
1189631333105684 Aaron cassis:http://pbskids.org/sesame/index.html
1189631333235677 Aaron cassis:http://sports.espn.go.com/mlb/players/profile?statsId=6305
1189631332657894 Aaron cassis:http://www.fcc.gov/fcc-bin/tvq?call=KOCB
1189631332751351 Aaron cassis:http://www.guardian.co.uk/Columnists/Archive/0,5673,-25,0.html
1189631332823106 Aaron cassis:http://www.lsbu.ac.uk/news-php/news.php?newsid=86
1189631333152518 Aaron cassis:http://www.psa.ac.uk/awards2003/toynbee.htm
1189631333160923 Aaron cassis:http://www.usatoday.com/sports/bbw/columnist/nightengale/2005-01-19-majors_x.htm
1189631333069681 Aaron cassis:http://www.usdoj.gov/usao/iln/osc/documents/ag_letter_december_30_2003.pdf
1189631333713026 Aaronic broccoli:http://www.usdoj.gov/usao/iln/osc/documents/ag_letter_december_30_2003.pdf
1189631333690811 Aaronic yam:http://www.sesameworkshop.org/sesamestreet/
1189631333292888 Aaronic yam:http://www.usdoj.gov/usao/iln/osc/documents/ag_letter_december_30_2003.pdf
1189631333707409 Aaronic cherry:http://www.eighttribes.org/modoc/
1189631333707052 Aaronic banana:http://www.eighttribes.org/modoc/
1189631333685795 Aaronic apple:http://www.eighttribes.org/modoc/
1189631333330079 Aaronical plum:http://www.lsbu.ac.uk/news-php/news.php?newsid=86
1189631333654518 Aaronical broccoli:http://toughpigs.com/anthernie00.htm
1189631333577842 Aaronical yam:http://www.fcc.gov/fcc-bin/tvq?call=KOCB
1189631333325490 Aaronical yam:http://www.sirlinksalot.net/bertandernie.html
1189631333555023 Aaronical yam:http://www.usatoday.com/sports/bbw/columnist/nightengale/2005-01-19-majors_x.htm
1189631333711643 Aaronical cherry:http://pbskids.org/sesame/index.html
1189631333221451 Aaronical cherry:http://pbskids.org/sesame/index.html
1189631333369023 Aaronical cherry:http://www.klamathtribes.org
1189631333422382 Aaronical cherry:http://www.victoriacross.net
1189631333525393 Aaronical banana:http://www.klamathtribes.org
1189631333129552 Aaronical banana:http://www.victoriacross.net
1189631333545719 Aaronical onion:http://toughpigs.com/anthernie00.htm
1189631333148840 Aaronical cassis:http://toughpigs.com/anthernie00.htm
1189631333556859 Aaronical cassis:http://www.klamathtribes.org
1189631333287872 Aaronical cassis:http://www.lsbu.ac.uk/news-php/news.php?newsid=86
1189631333508783 Aaronical cassis:http://www.victoriacross.net
1189631333535076 Aaronite plum:http://toughpigs.com/anthernie00.htm
1189631333523904 Aaronite plum:http://www.guardian.co.uk/Columnists/Archive/0,5673,-25,0.html
1189631333648320 Aaronite broccoli:http://www.eighttribes.org/modoc/
1189631333690528 Aaronite broccoli:http://www.freebornhall.com/History/ResidenceHalls/
1189631333571121 Aaronite broccoli:http://www.klamathtribes.org
1189631333451712 Aaronite yam:http://sports.espn.go.com/mlb/players/profile?statsId=6305
1189631333544807 Aaronite yam:http://www.housing.berkeley.edu/housing/
1189631333631229 Aaronite cherry:http://www.baseball-reference.com/r/roberda07.shtml
1189631333612046 Aaronite cherry:http://www.fcc.gov/fcc-bin/tvq?call=KOCB
1189631333570434 Aaronite cherry:http://www.mtv.com/news/articles/1508677/20050831/duff_hilary.jhtml?headlines=true
1189631333356308 Aaronite cherry:http://www.victoriacross.net
1189631333404239 Aaronite banana:http://www.guardian.co.uk/Columnists/Archive/0,5673,-25,0.html
1189631333468303 Aaronite banana:http://www.klamathtribes.org
1189631333516368 Aaronite banana:http://www.psa.ac.uk/awards2003/toynbee.htm
1189631333459730 Aaronite apple:http://www.eighttribes.org/modoc/
1189631333671366 Aaronite apple:http://www.mtv.com/news/articles/1508677/20050831/duff_hilary.jhtml?headlines=true
1189631333563266 Aaronite apple:http://www.nielsenmedia.com/DMAs.html
1189631333397629 Aaronite apple:http://www.usatoday.com/sports/bbw/columnist/nightengale/2005-01-19-majors_x.htm
1189631333632802 Aaronite onion:http://www.nielsenmedia.com/DMAs.html
1189631333375368 Aaronite onion:http://www.nielsenmedia.com/DMAs.html
1189631333641792 Aaronite cassis:http://www.baseball-reference.com/r/roberda07.shtml
1189631333437273 Aaronite cassis:http://www.housing.berkeley.edu/housing/
1189631333093462 Aaronitic plum:http://haynese.winthrop.edu/india/medals/VC/1CSingh.html
1189631333030784 Aaronitic plum:http://haynese.winthrop.edu/india/medals/VC/1CSingh.html
1189631333167914 Aaronitic plum:http://pbskids.org/sesame/index.html
1189631332798401 Aaronitic plum:http://pbskids.org/sesame/index.html
1189631333539167 Aaronitic plum:http://toughpigs.com/anthernie00.htm
1189631332615259 Aaronitic plum:http://www.baseball-reference.com/r/roberda07.shtml
1189631332266502 Aaronitic plum:http://www.fcc.gov/fcc-bin/tvq?call=KOCB
1189631333538555 Aaronitic plum:http://www.freebornhall.com/History/ResidenceHalls/
1189631332670289 Aaronitic plum:http://www.klamathtribes.org
1189631333527752 Aaronitic plum:http://www.lsbu.ac.uk/news-php/news.php?newsid=86
1189631332166432 Aaronitic plum:http://www.lsbu.ac.uk/news-php/news.php?newsid=86
1189631332229556 Aaronitic plum:http://www.sesameworkshop.org/sesamestreet/
1189631333434222 Aaronitic plum:http://www.sirlinksalot.net/bertandernie.html
1189631333187075 Aaronitic plum:http://www.victoriacross.net
1189631332709243 Aaronitic plum:http://www.victoriacross.net
1189631333279233 Aaronitic broccoli:http://haynese.winthrop.edu/india/medals/VC/1CSingh.html
1189631333234653 Aaronitic broccoli:http://www.eighttribes.org/modoc/
1189631333649131 Aaronitic broccoli:http://www.guardian.co.uk/Columnists/Archive/0,5673,-25,0.html
1189631333417562 Aaronitic broccoli:http://www.housing.berkeley.edu/housing/
1189631333094869 Aaronitic broccoli:http://www.lsbu.ac.uk/news-php/news.php?newsid=86
1189631332843765 Aaronitic broccoli:http://www.psa.ac.uk/awards2003/toynbee.htm
1189631333061200 Aaronitic broccoli:http://www.sesameworkshop.org/sesamestreet/
1189631332725292 Aaronitic broccoli:http://www.usdoj.gov/usao/iln/osc/documents/ag_letter_december_30_2003.pdf
1189631333152944 Aaronitic broccoli:http://www.victoriacross.net
1189631333100637 Aaronitic yam:http://pbskids.org/sesame/index.html
1189631333103044 Aaronitic yam:http://sports.espn.go.com/mlb/players/profile?statsId=6305
1189631333095872 Aaronitic yam:http://toughpigs.com/anthernie00.htm
1189631333334800 Aaronitic yam:http://www.freebornhall.com/History/ResidenceHalls/
1189631332490821 Aaronitic yam:http://www.guardian.co.uk/Columnists/Archive/0,5673,-25,0.html
1189631332339808 Aaronitic yam:http://www.guardian.co.uk/Columnists/Archive/0,5673,-25,0.html
1189631332186330 Aaronitic yam:http://www.lsbu.ac.uk/news-php/news.php?newsid=86
1189631333625143 Aaronitic yam:http://www.mtv.com/news/articles/1508677/20050831/duff_hilary.jhtml?headlines=true
1189631332396867 Aaronitic yam:http://www.mtv.com/news/articles/1508677/20050831/duff_hilary.jhtml?headlines=true
1189631332659865 Aaronitic yam:http://www.psa.ac.uk/awards2003/toynbee.htm
1189631333151287 Aaronitic yam:http://www.sirlinksalot.net/bertandernie.html
1189631332455103 Aaronitic yam:http://www.usdoj.gov/usao/iln/osc/documents/ag_letter_december_30_2003.pdf
1189631332518129 Aaronitic cherry:http://haynese.winthrop.edu/india/medals/VC/1CSingh.html
1189631332528005 Aaronitic cherry:http://toughpigs.com/anthernie00.htm
1189631333058636 Aaronitic cherry:http://www.baseball-reference.com/r/roberda07.shtml
1189631333458102 Aaronitic cherry:http://www.freebornhall.com/History/ResidenceHalls/
1189631332887009 Aaronitic cherry:http://www.lsbu.ac.uk/news-php/news.php?newsid=86
1189631332129819 Aaronitic cherry:http://www.lsbu.ac.uk/news-php/news.php?newsid=86
1189631333311982 Aaronitic cherry:http://www.mtv.com/news/articles/1508677/20050831/duff_hilary.jhtml?headlines=true
1189631332994144 Aaronitic cherry:http://www.mtv.com/news/articles/1508677/20050831/duff_hilary.jhtml?headlines=true
1189631332233851 Aaronitic cherry:http://www.nielsenmedia.com/DMAs.html
1189631332867245 Aaronitic cherry:http://www.psa.ac.uk/awards2003/toynbee.htm
1189631332520827 Aaronitic cherry:http://www.sesameworkshop.org/sesamestreet/
1189631333127659 Aaronitic cherry:http://www.usatoday.com/sports/bbw/columnist/nightengale/2005-01-19-majors_x.htm
1189631332499956 Aaronitic cherry:http://www.usdoj.gov/usao/iln/osc/documents/ag_letter_december_30_2003.pdf
1189631332959791 Aaronitic banana:http://haynese.winthrop.edu/india/medals/VC/1CSingh.html
1189631333716144 Aaronitic banana:http://pbskids.org/sesame/index.html
1189631333425551 Aaronitic banana:http://toughpigs.com/anthernie00.htm
1189631332839422 Aaronitic banana:http://www.eighttribes.org/modoc/
1189631332236990 Aaronitic banana:http://www.fcc.gov/fcc-bin/tvq?call=KOCB
1189631332622648 Aaronitic banana:http://www.guardian.co.uk/Columnists/Archive/0,5673,-25,0.html
1189631333563024 Aaronitic banana:http://www.lsbu.ac.uk/news-php/news.php?newsid=86
1189631332670419 Aaronitic banana:http://www.mtv.com/news/articles/1508677/20050831/duff_hilary.jhtml?headlines=true
1189631333656469 Aaronitic banana:http://www.nielsenmedia.com/DMAs.html
1189631332863506 Aaronitic banana:http://www.sesameworkshop.org/sesamestreet/
1189631332798041 Aaronitic banana:http://www.sesameworkshop.org/sesamestreet/
1189631333084582 Aaronitic banana:http://www.usatoday.com/sports/bbw/columnist/nightengale/2005-01-19-majors_x.htm
1189631332779002 Aaronitic banana:http://www.usdoj.gov/usao/iln/osc/documents/ag_letter_december_30_2003.pdf
1189631332744867 Aaronitic apple:http://haynese.winthrop.edu/india/medals/VC/1CSingh.html
1189631333584722 Aaronitic apple:http://pbskids.org/sesame/index.html
1189631333318172 Aaronitic apple:http://sports.espn.go.com/mlb/players/profile?statsId=6305
1189631333134904 Aaronitic apple:http://www.baseball-reference.com/r/roberda07.shtml
1189631333616536 Aaronitic apple:http://www.fcc.gov/fcc-bin/tvq?call=KOCB
1189631332730502 Aaronitic apple:http://www.lsbu.ac.uk/news-php/news.php?newsid=86
1189631332990164 Aaronitic apple:http://www.psa.ac.uk/awards2003/toynbee.htm
1189631333674286 Aaronitic apple:http://www.usatoday.com/sports/bbw/columnist/nightengale/2005-01-19-majors_x.htm
1189631333533250 Aaronitic apple:http://www.usdoj.gov/usao/iln/osc/documents/ag_letter_december_30_2003.pdf
1189631332768584 Aaronitic apple:http://www.victoriacross.net
1189631333658529 Aaronitic onion:http://haynese.winthrop.edu/india/medals/VC/1CSingh.html
1189631332673675 Aaronitic onion:http://haynese.winthrop.edu/india/medals/VC/1CSingh.html
1189631333681084 Aaronitic onion:http://sports.espn.go.com/mlb/players/profile?statsId=6305
1189631332594257 Aaronitic onion:http://sports.espn.go.com/mlb/players/profile?statsId=6305
1189631333117419 Aaronitic onion:http://toughpigs.com/anthernie00.htm
1189631332590687 Aaronitic onion:http://www.freebornhall.com/History/ResidenceHalls/
1189631333203305 Aaronitic onion:http://www.housing.berkeley.edu/housing/
1189631332229521 Aaronitic onion:http://www.housing.berkeley.edu/housing/
1189631332121844 Aaronitic onion:http://www.lsbu.ac.uk/news-php/news.php?newsid=86
1189631333391097 Aaronitic onion:http://www.nielsenmedia.com/DMAs.html
rsclient> destroy scanner
rsclient> quit
