Welcome to the Range Server command interpreter.
Type 'help' for a description of commands.

rsclient> update Test1 Test1-data.txt
success
success
success
success
success
success
success
success
success
success
success
success
success
success
success
success
success
success
success
success
success
success
success
success
success
success
success
success
success
success
success
success
success
success
success
success
success
success
success
success
success
success
success
success
success
success
success
success
success
success
success
success
success
success
success
success
success
success
success
success
success
success
success
success
success
success
success
success
success
success
success
success
success
success
success
success
success
success
success
success
success
success
success
success
success
success
success
success
success
success
success
success
success
success
success
success
success
success
success
success
success
success
success
success
success
success
success
success
success
success
success
success
success
success
success
success
success
success
success
success
success
success
success
success
success
success
success
success
success
success
success
success
success
success
success
success
success
success
success
success
success
success
success
success
success
success
success
success
success
success
success
success
success
success
success
success
success
success
success
success
success
success
success
success
success
success
success
success
success
success
success
success
success
success
success
success
success
success
success
success
success
success
success
success
success
success
success
success
success
success
success
success
success
success
success
success
success
success
success
success
success
success
success
success
success
success
success
success
success
success
success
success
success
success
success
success
rsclient> create scanner Test1[..??]
1181153478099511 A apple:http://www.lib.utexas.edu/
1181153478459079 Aaronitic onion:http://prola.aps.org/abstract/PRI/v13/i5/p307_1
1181153477981316 Ababdeh onion:http://www.haberlah.com
1181153478514763 Abama yam:http://www.eburg.com/~ghlawson/GeneHLawsonCollection.html
1181153478338330 Abanic broccoli:http://maps.google.com/maps?ll=39.196952,-94.572108&spn=0.11,0.18
1181153477622010 Abaris plum:http://www.lettre-ulysses-award.org/
1181153478594268 Abassin plum:http://maps.yahoo.com/maps_result?lat=39.903451&lon=-84.488175&mag=4
1181153477869104 Abassin apple:http://www.rbstfacts.org
1181153477802978 Abba plum:http://www.winick.com/Properties/Richmond/STATEN%20ISLAND%20MALL.pdf
1181153477869202 Abbadide plum:http://www.newleftreview.net/NLR26001.shtml
1181153478057135 Abderite cherry:http://www.szpilman.net/
1181153478496269 Abdiel apple:http://r0.unctad.org/en/pressref/stdissue.htm
1181153477717046 Abe cassis:http://maps.google.com/maps?ll=33.061018,-96.313227&spn=0.11,0.18
1181153477952928 Abel broccoli:http://www.hickoksports.com/biograph/drabekdo.shtml
1181153478243776 Abelite plum:http://www.haaretz.com/hasen/spages/491750.html
1181153478301851 Abelite cassis:http://www.mauryshow.com/
1181153478510116 Abelmoschus plum:http://framehosting.dowjonesnews.com/sample/samplestory.asp?StoryID=2004012400040000&Take=1
1181153478326486 Abhorson apple:http://maps.google.com/maps?ll=34.171631,-86.319967&spn=0.11,0.18&t=h
1181153478609546 Abie banana:http://terraserver-usa.com/image.aspx?s=14&lon=-97.202762&lat=41.072375&w=2
1181153477635693 Abies broccoli:http://www.diggiloo.net/?1975be
1181153477643410 Abietineae apple:http://www.iflibrary.com
1181153477924933 Abipon banana:http://creativecommons.org/licenses/by-sa/1.0/
1181153477795230 Abnaki cherry:http://waynesword.palomar.edu/ecoph4.htm
1181153477612467 Abner yam:http://www.ensemblestudios.com/images/teamphotos/cherry.jpg
1181153478156568 Abongo cassis:http://gs.wustl.edu/archives/gn/gn125.pdf
1181153478458762 Abrahamic onion:http://photos.ltmcollection.org/images/max/76/9884276.jpg
1181153478602058 Abrahamite onion:http://www.songwritershalloffame.org/exhibit_home_page.asp?exhibitId=91
1181153478366212 Abrahamitic broccoli:http://www.eufou.se
1181153478417408 Abram banana:http://topozone.com/map.asp?lat=45.672393&lon=-121.87354&s=200&size=m&layer=DRG100&datum=nad83
1181153478504296 Abramis yam:http://topozone.com/map.asp?lat=36.499508&lon=-86.878717&s=200&size=m&layer=DRG100&datum=nad83
1181153477887403 Abrus yam:http://terraserver-usa.com/image.aspx?s=14&lon=-84.476022&lat=40.740456&w=2
1181153477662328 Absyrtus broccoli:http://maps.google.com/maps?ll=33.558724,-82.793784&spn=0.11,0.18
1181153477608344 Absyrtus banana:http://maps.google.com/maps?ll=35.788218,-87.45589&spn=0.11,0.18
1181153478541173 Acacia cherry:http://maps.yahoo.com/maps_result?lat=42.326694&lon=-75.314863&mag=4
1181153477955215 Academic broccoli:http://www.seminolecountyfl.gov
1181153477570933 Acadia onion:http://de.wikipedia.com/wiki.cgi?Deutsche_Mark
1181153478426705 Acadia cassis:http://www.rosario.gov.ar
1181153477807501 Acalepha broccoli:http://www.stmariecathedral.org
1181153478399483 Acalypha plum:http://www.royalacademy.org.uk/
1181153478453119 Acalypha apple:http://www.csu.de/home/Display/Fremdsprachen/englisch
1181153478483682 Acalypterae onion:http://topozone.com/map.asp?lat=38.595802&lon=-83.319725&s=200&size=m&layer=DRG100&datum=nad83
1181153478264973 Acalyptratae cassis:http://maps.google.com/maps?ll=42.204544,-91.525013&spn=0.11,0.18
1181153478445528 Acanthaceae cherry:http://www.koloseum-stunts.org/
1181153478287361 Acantharia onion:http://www.xisu.edu.cn
1181153477778510 Acanthocereus banana:http://www.businessweek.com/1997/41/b3548002.htm
1181153478276720 Acanthodea broccoli:http://www.realcajunrecipes.com/recipes/532.rcr
1181153478057153 Acanthodidae banana:http://www.musicmavericks.org/features/interview_amirkhanian.html
1181153477952624 Acanthodini cherry:http://www.encyclopedia-titanica.org/biography.php?id=1349
1181153478437667 Acanthodini banana:http://terraserver-usa.com/image.aspx?s=14&lon=-82.539882&lat=35.537884&w=2
1181153477612241 Acantholimon banana:http://www.stadiumforbelfast.com
1181153478077669 Acanthomeridae broccoli:http://maps.yahoo.com/maps_result?lat=42.093058&lon=-91.870272&mag=4
1181153477538837 Acanthopanax cassis:http://creativecommons.org/licenses/by/2.0/
1181153478229506 Acanthopteri cassis:http://maps.google.com/maps?ll=46.248412,-114.159852&spn=0.11,0.18&t=h
1181153477630133 Acanthopterygii yam:http://www2.univ-reunion.fr/~ageof/text/74c21e88-271.html
1181153478358225 Acanthuridae broccoli:http://maps.google.com/maps?ll=40.250252,-75.588933&spn=0.11,0.18&t=h
1181153477644475 Acarapis apple:http://math.nsc.ru/LBRT/u2/nauka/kant.html
1181153478610459 Acarida onion:http://maps.google.com/maps?ll=45.670308,-118.798118&spn=0.11,0.18&t=h
1181153478091731 Acarida cassis:http://intyoga.online.fr/index.htm
1181153478173506 Acarina plum:http://www.phrozensmoke.com/projects/icewmcp/
1181153477690010 Acarus broccoli:http://www.ca9.uscourts.gov/
1181153477965893 Acarus cassis:http://www.cleveland.navy.mil/
1181153478324273 Accipiter cherry:http://www.kcckp.net/en/periodic/todaykorea/index.php?contents+1803+2006-01+80+36
1181153478218202 Accipiter onion:http://www.findagrave.com/cgi-bin/fg.cgi?page=gr&GRid=3063
1181153478595204 Accipitres yam:http://www.fldoe.org/schoolmap/flash/schoolreport.asp?id=67
1181153478083524 Aceldama plum:http://maps.yahoo.com/maps_result?lat=37.398063&lon=-88.375113&mag=4
1181153478462121 Acemetic banana:http://www2.nvnet.org/nvhs/
1181153478580299 Acerates cassis:http://www.epolitix.com/EN/MPWebsites/Tim+Boswell/
1181153477732940 Acerbas broccoli:http://www.diggiloo.net/?1976ch
1181153478138032 Acerbas onion:http://cfa-www.harvard.edu/iau/lists/NumberedMPs.txt
1181153478221556 Achaean cherry:http://terraserver-usa.com/image.aspx?s=14&lon=-90.051727&lat=36.237974&w=2
1181153478518979 Achaean cassis:http://www.townoforwell-ny.us/
1181153478049253 Achaemenid apple:http://terraserver-usa.com/image.aspx?s=14&lon=-97.320716&lat=31.950876&w=2
1181153478245415 Achaenodon broccoli:http://maps.google.com/maps?ll=34.602067,-120.644109&spn=0.11,0.18&t=h
1181153478520660 Achagua cherry:http://www.yamasa.org/history/english/index.html
1181153478045159 Achariaceae broccoli:http://www.ntl.com/locales/gb/en/broadcast/wireless-solutions/index.asp
1181153477658072 Achariaceous broccoli:http://www.stashtea.com/w-050070.htm
1181153478011984 Achatinella cherry:http://www.sklar.com/page/article/shadrach
1181153478584833 Achernar onion:http://terraserver-usa.com/image.aspx?s=14&lon=-97.13963&lat=32.84679&w=2
1181153478590495 Achillize apple:http://www.usda.gov/oc/photo/01cs0188.htm
1181153477668096 Achillize onion:http://www.tamu.edu/ccbn/dewitt/batgon.htm
1181153477584885 Achlamydeae cherry:http://terraserver-usa.com/image.aspx?s=14&lon=-90.801077&lat=43.092098&w=2
1181153478608190 Achlamydeae onion:http://www.imdb.com/name/nm0000047/
1181153477847915 Achras apple:http://topozone.com/map.asp?lat=40.703146&lon=-80.28342&s=200&size=m&layer=DRG100&datum=nad83
1181153478595930 Achromatiaceae broccoli:http://library.lds.org/nxt/gateway.dll/Magazines/Ensign/2000.htm/ensign%20august%202000.htm/a%20history%20of%20the%20latterday%20seventy.htm
1181153477832355 Achromatium yam:http://www.eagle1067fm.com
1181153478188572 Achromobacter plum:http://www.americanprecision.org/
1181153477551256 Achyranthes cherry:http://www.google.com/search?q=Bladbean
1181153478358202 Acidanthera cherry:http://www.affco.co.nz/
1181153478179791 Acilius banana:http://topozone.com/map.asp?lat=38.21627&lon=-85.61356&s=200&size=m&layer=DRG100&datum=nad83
1181153478161650 Acinetina yam:http://maps.google.com/maps?ll=51.9,4.5&spn=0.5,0.5&t=k
1181153477890185 Acinetina yam:http://theages.superman.ws/users/maggin/starwinds-howl/howl.php
1181153478076043 Acipenseres cassis:http://www.pressrepublican.com/Archive/2004/03_2004/031920043.htm
1181153477695851 Acipenseroidei apple:http://njdot.nj.gov/
1181153478174141 Aclemon onion:http://www.ssadb.qc.ca/en/index.htm
1181153477919548 Acmaeidae plum:http://www.google.com/search?q=Dahabiyeh
1181153478105866 Acmaeidae cherry:http://www.01net.com/article/252216.html
1181153478005356 Acnida cherry:http://topozone.com/map.asp?lat=41.21425&lon=-94.185618&s=200&size=m&layer=DRG100&datum=nad83
1181153477622847 Acoela cherry:http://terraserver-usa.com/image.aspx?s=14&lon=-97.472429&lat=48.881014&w=2
1181153478201601 Acoelomata broccoli:http://www.sabs.co.za/
1181153478144356 Acoelomi onion:http://enjoyment.independent.co.uk/books/features/article340500.ece
1181153477748976 Acoemetae onion:http://www.homesteadmuseum.org
1181153477739411 Acoma yam:http://maps.yahoo.com/maps_result?lat=34.153489&lon=-89.631077&mag=4
1181153477670319 Acoma cassis:http://www.nist.gov/dads/HTML/balancmrgsrt.html
1181153478215832 Acontias cherry:http://maps.google.com/maps?ll=39.519488,-104.765833&spn=0.11,0.18
1181153477854405 Acontias onion:http://www.fordham.edu/halsall/mod/modsbook34.html
1181153478365150 Acorus yam:http://www.theage.com.au/articles/2003/09/16/1063625031302.html?from=storyrhs&oneclick=true
1181153478043284 Acousticon broccoli:http://laws.findlaw.com/us/310/586.html
1181153478294195 Acousticon banana:http://www.imdb.com/name/nm1122431/
1181153477844619 Acraeinae banana:http://www.imdb.com/name/nm1763201/
1181153478367901 Acrania plum:http://maps.yahoo.com/maps_result?lat=33.943964&lon=-86.061546&mag=4
1181153477996477 Acrasiaceae apple:http://pin.primate.wisc.edu/factsheets/links/cercopithecus
1181153477849558 Acredula cherry:http://www.imdb.com/title/tt0395404/awards
1181153478358809 Acrididae onion:http://www.goldengryphon.com/Stross-Concrete.html
1181153477921615 Acridium banana:http://www.state.gov/r/pa/ei/pix/b/c11924.htm
1181153478564807 Acroa onion:http://maps.google.com/maps?ll=40.880447,-85.168369&spn=0.11,0.18
1181153477996619 Acrocarpi cherry:http://maps.google.com/maps?ll=42.463197,-78.93635&spn=0.11,0.18
1181153477574903 Acrocomia banana:http://www.cinga.ch/langmaking/DTM/dtm.html
1181153478590015 Acrodus cherry:http://www.cbrd.co.uk/motorway
1181153478282346 Acromyodi cherry:http://maps.google.com/maps?ll=35.016181,-81.80424&spn=0.11,0.18&t=h
1181153477627110 Acromyodi banana:http://www.johnlabattcentre.com/
1181153477953981 Acronycta broccoli:http://www.amnistiainternacional.org/revista/rev73/articulo12.html
1181153478244386 Acronycta yam:http://www.eelpie.org/
1181153478421845 Acronycta banana:http://maps.google.com/maps?ll=36.902285,-98.295015&spn=0.11,0.18
1181153478540419 Acronycta cassis:http://observer.guardian.co.uk/international/story/0,6903,1020400,00.html
1181153478609846 Acrosticheae plum:http://www.google.com/search?hl=en&q=Gene+Traxler
1181153477855537 Acrothoracica yam:http://www.frheritage.org.uk./cgi-bin/wiki.pl?Home_Page
1181153478035039 Acrotretidae banana:http://www.city.fujisawa.kanagawa.jp/
1181153478081603 Actiad broccoli:http://www.cnn.com/US/9908/12/kansas.evolution.flap/
1181153478467900 Actian yam:http://www.imdb.com/name/nm0310850/
1181153478381630 Actian apple:http://maps.yahoo.com/maps_result?lat=39.315166&lon=-74.524907&mag=4
1181153478564325 Actiniaria onion:http://www.fiawol.demon.co.uk/biblio/
1181153477719128 Actiniaria onion:http://www.m-w.com/cgi-bin/dictionary?book=Dictionary&va=straight&x=0&y=0
1181153478169730 Actinidiaceae onion:http://home.netcom.com/~fuffle/dogsleds/
1181153478107366 Actinidiaceae onion:http://www.revue.ch/en/lists/reports/2003_12_30_dossier_6_03_report.php
1181153477602662 Actinocrinus yam:http://www.google.com/search?hl=en&q=Giacinto+Fontana
1181153477575847 Actinomyces broccoli:http://topozone.com/map.asp?lat=31.421841&lon=-85.336434&s=200&size=m&layer=DRG100&datum=nad83
1181153477965138 Actinomycetaceae cassis:http://www.city.shimotsuma.ibaraki.jp/
1181153477641251 Actinophrys onion:http://topozone.com/map.asp?lat=47.812957&lon=-112.182857&s=200&size=m&layer=DRG100&datum=nad83
1181153477712136 Actinopteri broccoli:http://topozone.com/map.asp?lat=37.279992&lon=-84.6571&s=200&size=m&layer=DRG100&datum=nad83
1181153477742562 Actinopterygii apple:http://www.ieee802.org/
1181153477938158 Actinosphaerium yam:http://maps.google.com/maps?ll=41.222485,-99.298352&spn=0.11,0.18&t=h
1181153478126516 Acuan yam:http://www.google.co.uk/search?hl=en&q=Akira+Sakata
1181153477650654 Acubens banana:http://www.spatial.com/
1181153478254513 Aculeata onion:http://blackholes.us
1181153477897360 Ada plum:http://www.virginblue.com.au/
1181153477803641 Adamastor apple:http://ewsoftware.de/wikipedia/design2.htm
1181153477966311 Adamical apple:http://www.nywf64.com/
1181153477895875 Adamically broccoli:http://terraserver-usa.com/image.aspx?s=14&lon=-104.05195&lat=48.869847&w=2
1181153478079219 Adamitism cherry:http://maps.yahoo.com/maps_result?lat=39.394901&lon=-86.561797&mag=4
1181153477687766 Adar cassis:http://www.telegraph.co.uk/connected/main.jhtml?xml=/connected/1998/10/29/ecftick29.xml
1181153477933250 Addisoniana plum:http://catb.org/~esr/jargon/html/C/copious-free-time.html
1181153477681970 Addu plum:http://www.aoc.nrao.edu/aips/weitek.html
1181153478214231 Ade cassis:http://terraserver-usa.com/image.aspx?s=14&lon=-86.800392&lat=39.850405&w=2
1181153477922273 Adelaide yam:http://www.wyeast.net
1181153478408623 Adelarthra broccoli:http://histrom.literature.at/docs/ddraufsatz.html
1181153478075444 Adeleidae onion:http://www.rose-hulman.edu/~yerricde/pix/wikipedia-freewld468.png
1181153478562350 Adelges yam:http://rebelcherokee.labdiva.com/snyder.html
1181153478337791 Adelina apple:http://science.ksc.nasa.gov/shuttle/missions/sts-86/mission-sts-86.html
1181153478537367 Adeliza yam:http://www.co.guilford.nc.us
1181153478342863 Adeodatus apple:http://maps.yahoo.com/maps_result?lat=32.905898&lon=-93.699896&mag=4
1181153478358301 Adeona cassis:http://maps.google.com/maps?ll=35.222539,-93.160408&spn=0.11,0.18
1181153477922801 Adessenarian plum:http://www.premiumoutlets.com/lighthouseplace
1181153477710905 Adessenarian cherry:http://maps.yahoo.com/maps_result?lat=45.614153&lon=-123.110827&mag=4
1181153478510752 Adhara plum:http://maps.yahoo.com/maps_result?lat=27.935048&lon=-82.810117&mag=4
1181153478165276 Adhara banana:http://www.multimap.com/map/places.cgi?client=public&lang=&advanced=&quicksearch=RM30PE&scale=25000
1181153478256601 Adicea broccoli:http://www.fh-reutlingen.de/
1181153478563086 Adiel apple:http://maps.yahoo.com/maps_result?lat=40.025118&lon=-81.586776&mag=4
1181153478394713 Adiel onion:http://www.hiarcs.com/
1181153477644399 Adigranth plum:http://www.lib.rpi.edu/dept/library/html/Archives/buildings/1960_map.html
1181153477557495 Adigranth cherry:http://www.grh-ev.org/KRENZ/krenz.HTM
1181153477646197 Adigranth cassis:http://topozone.com/map.asp?lat=40.7042&lon=-73.468918&s=200&size=m&layer=DRG100&datum=nad83
1181153478028248 Adlumia cherry:http://topozone.com/map.asp?lat=39.5731450&lon=-78.8497437&s=200&size=m&layer=DRG100&datum=nad83
1181153478478183 Adolph cherry:http://wikimediafoundation.org
1181153478472799 Adolphus banana:http://terraserver-usa.com/image.aspx?s=14&lon=-89.659504&lat=38.007799&w=2
1181153477730080 Adonean apple:http://www.robinson-twp.org/
1181153478281851 Adonia apple:http://www.slbc.lk
1181153477612076 Adoniad broccoli:http://www.victorianweb.org/authors/swinburne/swinburne9.html#1
1181153478089383 Adonic apple:http://www.emdx.org/rail/DeuxMontagnes/index.html
1181153478248183 Adonic onion:http://topozone.com/map.asp?lat=47.271954&lon=-111.702675&s=200&size=m&layer=DRG100&datum=nad83
1181153478426071 Adramelech onion:http://www.bedlamsociety.com/video.asp?videoId=32
1181153478535726 Advaita onion:http://www.poemhunter.com/i/ebooks/pdf/joseph_brodsky_2004_9.pdf
1181153477706266 Aechmophorus cherry:http://www.alevelphilosophy.co.uk/freehandouts/Phenomenalism.pdf
1181153478013132 Aecidiaceae apple:http://www.screenonline.org.uk/people/id/461962/
1181153478548539 Aedes yam:http://www.cas.org/EO/regsys.html
1181153477922537 Aegeriidae onion:http://www.sciencemag.org/cgi/reprint/301/5638/1299c.pdf
1181153477850322 Aegialitis banana:http://www.billboard.com/bbcom/retrieve_chart_history.do?model.chartFormatGroupName=Albums&model.vnuArtistId=315927&model.vnuAlbumId=327241
1181153477725203 Aegialitis banana:http://www.ceuta.es/informacion/banderayescudo.htm
1181153478069525 Aeginetan banana:http://www.mimas.ac.uk/~zzalsaw2/pictish.html
1181153478141523 Aegopodium plum:http://www.m-w.com/
1181153477710125 Aegopodium onion:http://slaght.htmlplanet.com/apac.htm
1181153478441418 Aeolian plum:http://maps.google.com/maps?ll=47.007768,-122.911074&spn=0.11,0.18
1181153478253263 Aeolic apple:http://www.city.imabari.ehime.jp/
1181153478001153 Aeolicism plum:http://plato.stanford.edu/entries/leucippus/
1181153478474717 Aeolidae plum:http://www.globaldarkness.com/articles/ericb%20and%20rakim.htm
1181153478168690 Aeolididae broccoli:http://www.ciao.fr/opinion_view.php/OpinionId/205268/SortOrder/4/sortedReverse/0
1181153477924797 Aeolism yam:http://maps.yahoo.com/maps_result?lat=31.103664&lon=-85.694544&mag=4
1181153477700243 Aeolist cherry:http://www.pc-911.com/product_images/cd_caddy.jpg
1181153477865194 Aepyornis cassis:http://www.britannica.com/search?ct=&query=Adina
1181153477966393 Aepyornithidae apple:http://www.dcs.hull.ac.uk/cgi-bin/gedidex/n=royal?hungary
1181153477972515 Aepyornithiformes plum:http://www.almaden.ibm.com/st/chemistry/me/
1181153478134418 Aequi apple:http://www.nogalesinternational.com
1181153477611950 Aequiculi plum:http://www.desertusa.com/mag98/mar/poi/du_3rivers.html
1181153477580586 Aequipalpia cassis:http://maps.google.com/maps?ll=37.962673,-122.55809&spn=0.11,0.18&t=h
1181153478309959 Aerides yam:http://maps.yahoo.com/maps_result?lat=41.262792&lon=-89.126476&mag=4
1181153477781630 Aerope yam:http://maps.yahoo.com/maps_result?lat=40.758643&lon=-83.949488&mag=4
1181153477598826 Aerosol plum:http://creativecommons.org/licenses/by-sa/2.0/
1181153478363143 Aesculus cassis:http://www.legalbluebook.com/
1181153477830699 Aesopic onion:http://www.democracynow.org/article.pl?sid=05/11/28/1455257
1181153477563508 Aethusa yam:http://maps.google.com/maps?ll=45.453227,-121.127244&spn=0.11,0.18
1181153478302269 Aetomorphae yam:http://www.dreamtheater.net/
1181153478173532 Afghan onion:http://topozone.com/map.asp?lat=33.583419&lon=-99.793394&s=200&size=m&layer=DRG100&datum=nad83
1181153477986087 Afrasia cherry:http://www2.ljworld.com/news/2005/dec/10/corkins_defends_standards_debate_science_definitio/?evolution
1181153477751445 Afrasian apple:http://www.ac.by/country/music.html
1181153478060318 Africanization cherry:http://www.prideofmanchester.com/music/MichaelMcGoldrick.htm
1181153478034501 Africanize cherry:http://www.bartleby.com/cgi-bin/texis/webinator/65search?query=Jacob+Glatstein
1181153477550878 Afridi plum:http://www.google.co.uk/search?hl=en&q=Adrian+Denss
1181153477786029 Afrikaans broccoli:http://topozone.com/map.asp?lat=33.360255&lon=-94.253993&s=200&size=m&layer=DRG100&datum=nad83
1181153478451485 Afrikander apple:http://www.hillnews.com/thehill/export/TheHill/News/Frontpage/102005/news3.html
1181153478048267 Afrikanderism banana:http://www-nlpir.nist.gov/projects/duc/papers/qa.Roadmap-paper_v2.doc
1181153478382223 Afrogaea plum:http://www.bartleby.com/cgi-bin/texis/webinator/65search?query=Used+computers
1181153477659565 Afrogaea cassis:http://www.nationalregisterofhistoricplaces.com/MA/Plymouth/state.html
1181153478084604 Afrogaean banana:http://www.usigs.org/library/books/me/Portland1865/Portland024.htm
1181153478567559 Aftonian broccoli:http://terraserver-usa.com/image.aspx?s=14&lon=-101.370435&lat=39.785196&w=2
1181153477569946 Aftonian yam:http://lunarsight.com/freq.htm
1181153478284004 Agalenidae apple:http://www.imdb.com/name/nm0000114/
1181153478603147 Agalenidae cassis:http://www.archives.go.kr/president/
1181153478297453 Agama apple:http://lwn.net/Articles/24747/
1181153477858481 Agama apple:http://terraserver-usa.com/image.aspx?s=14&lon=-81.864363&lat=41.01562&w=2
1181153477970933 Agamae cherry:http://www.quebecpolitique.com/
1181153478609060 Agamemnon plum:http://maps.google.com/maps?ll=43.297884,-91.989187&spn=0.11,0.18&t=h
1181153478575727 Agamemnon onion:http://www.usmm.org/men_ships.html
1181153477562141 Agamidae onion:http://www.dtic.mil/jcs
1181153478134435 Aganice broccoli:http://geonames.usgs.gov/pls/gnis/web_query.gnis_web_query_form
1181153478026342 Agao banana:http://www.newscorp.com/
1181153477854957 Agao onion:http://creativecommons.org/licenses/by-sa/1.0/
1181153478158634 Agao onion:http://www.newadvent.org/cathen/14146a.htm
1181153477596685 Agapetidae banana:http://www.archives.gov/federal_register/electoral_college/2004_certificates/ascertainment_georgia_01.html
1181153477891223 Agaristidae onion:http://www.iranchamber.com/personalities/ashariati/works/expectations_of_muslim_woman.php
1181153477923164 Agastache onion:http://maps.google.com/maps?ll=25.96542,-80.253858&spn=0.11,0.18&t=h
1181153478589494 Agastache onion:http://topozone.com/map.asp?lat=35.638036&lon=-118.405381&s=200&size=m&layer=DRG100&datum=nad83
1181153477743065 Agastreae plum:http://www.diggiloo.net/?1962uk
1181153478365301 Agatha apple:http://www.town.miki.lg.jp/en/
1181153477587755 Agathaea broccoli:http://www.publicbookshelf.com/public_html/Boys_Own_Book_of_Outdoor_Sports/lakepike_gc.html
1181153478280104 Agathosma onion:http://www.ci.philomath.or.us/
1181153478101952 Agaz yam:http://maps.yahoo.com/maps_result?lat=40.913358&lon=-81.108094&mag=4
1181153477890435 Ageratum cherry:http://www.astronomical.org/constellations/obs.html
1181153478457857 Ageratum banana:http://www.biblegateway.com/passage/?search=Titus+1.5-9
1181153478007007 Aggregata yam:http://maps.google.com/maps?ll=33.937401,-84.368625&spn=0.11,0.18&t=h
1181153478215154 Aggregatae banana:http://www.franklincountychamberofcommerce.org
1181153478071540 Aghan plum:http://www.iso.org/iso/en/CatalogueDetailPage.CatalogueDetail?CSNUMBER=12260&ICS1=13&ICS2=60&ICS3=50
1181153477554374 Aghorapanthi apple:http://shaolin.com/stance_horse.aspx
1181153478206745 Agiel onion:http://www.australiantelevision.net/wr/profiles/bisley.html
1181153477903035 Aglaonema yam:http://www.wsws.org/articles/2003/aug2003/iraq-a20_prn.shtml
1181153478515051 Aglipayan onion:http://saturn.jpl.nasa.gov/news/press-kits/cassini-arrival.pdf
1181153478089041 Aglossa apple:http://www.chesterton.org
1181153478405024 Aglypha apple:http://maps.google.com/maps?ll=39.438851,-78.982663&spn=0.11,0.18&t=h
1181153477626720 Aglypha onion:http://www.google.ca/search?q=%E6%99%AE%E9%80%9F%E5%AE%8C&ie=UTF-8&oe=UTF-8&hl=en&btnG=Google+Search&meta=
1181153478215129 Agonista cassis:http://www.rollingstone.com/reviews/album/_/id/226000/blur?pageid=rs.ArtistDiscography&pageregion=triple1
1181153477842109 Agrapha onion:http://www.cancer.org/docroot/SPC/content/SPC_1_Tanning_the_Sunless_Way.asp/
1181153477975987 Agrapha cassis:http://www.fechy.ch
1181153477549526 Agrauleum apple:http://www.schiedamsemolens.nl/schiedamsemolens/
1181153478310808 Agrilus plum:http://www.town.asahi.yamagata.jp/
1181153478381429 Agrilus cassis:http://www1.dorsetcc.gov.uk/LIVING/FACTS/Census2001.nsf/6cadf4da179fc19500256663004afece/1f3a12dba044faa680256ec5004eec98?OpenDocument
rsclient> destroy scanner
rsclient> create scanner Test1[..??] start=Agamemnon end=Agamemnon
1181153478609060 Agamemnon plum:http://maps.google.com/maps?ll=43.297884,-91.989187&spn=0.11,0.18&t=h
1181153478575727 Agamemnon onion:http://www.usmm.org/men_ships.html
rsclient> destroy scanner
rsclient> create scanner Test1[..??] start=Agamemnon row-limit=5
1181153478609060 Agamemnon plum:http://maps.google.com/maps?ll=43.297884,-91.989187&spn=0.11,0.18&t=h
1181153478575727 Agamemnon onion:http://www.usmm.org/men_ships.html
1181153477562141 Agamidae onion:http://www.dtic.mil/jcs
1181153478134435 Aganice broccoli:http://geonames.usgs.gov/pls/gnis/web_query.gnis_web_query_form
1181153478026342 Agao banana:http://www.newscorp.com/
1181153477854957 Agao onion:http://creativecommons.org/licenses/by-sa/1.0/
1181153478158634 Agao onion:http://www.newadvent.org/cathen/14146a.htm
1181153477596685 Agapetidae banana:http://www.archives.gov/federal_register/electoral_college/2004_certificates/ascertainment_georgia_01.html
rsclient> destroy scanner
rsclient> create scanner Test1[..??] row-range=[Agamemnon,Agamemnon]
1181153478609060 Agamemnon plum:http://maps.google.com/maps?ll=43.297884,-91.989187&spn=0.11,0.18&t=h
1181153478575727 Agamemnon onion:http://www.usmm.org/men_ships.html
rsclient> destroy scanner
rsclient> create scanner Test1[..??] row-range=[Agamemnon,Aganice]
1181153478609060 Agamemnon plum:http://maps.google.com/maps?ll=43.297884,-91.989187&spn=0.11,0.18&t=h
1181153478575727 Agamemnon onion:http://www.usmm.org/men_ships.html
1181153477562141 Agamidae onion:http://www.dtic.mil/jcs
1181153478134435 Aganice broccoli:http://geonames.usgs.gov/pls/gnis/web_query.gnis_web_query_form
rsclient> destroy scanner
rsclient> create scanner Test1[..??] row-range=(Agamemnon,Aganice]
1181153477562141 Agamidae onion:http://www.dtic.mil/jcs
1181153478134435 Aganice broccoli:http://geonames.usgs.gov/pls/gnis/web_query.gnis_web_query_form
rsclient> destroy scanner
rsclient> create scanner Test1[..??] row-range=[Agamemnon,Aganice)
1181153478609060 Agamemnon plum:http://maps.google.com/maps?ll=43.297884,-91.989187&spn=0.11,0.18&t=h
1181153478575727 Agamemnon onion:http://www.usmm.org/men_ships.html
1181153477562141 Agamidae onion:http://www.dtic.mil/jcs
rsclient> destroy scanner
rsclient> create scanner Test1[..??] row-range=(Agamemnon,Aganice)
1181153477562141 Agamidae onion:http://www.dtic.mil/jcs
rsclient> destroy scanner
rsclient> quit
