Event: type=TIMER from=0.0.0.0:0 (Local)
Event: type=TIMER from=0.0.0.0:0 (media)
Event: type=TIMER from=0.0.0.0:0 (have)
Event: type=TIMER from=0.0.0.0:0 (reported)
Event: type=TIMER from=0.0.0.0:0 (eyewitness)
Event: type=TIMER from=0.0.0.0:0 (accounts)
Event: type=TIMER from=0.0.0.0:0 (of)
Event: type=TIMER from=0.0.0.0:0 (a)
Event: type=TIMER from=0.0.0.0:0 (fiery)
Event: type=TIMER from=0.0.0.0:0 (ball)
