INFO commTestTimer : Event: type=TIMER (Local)
INFO commTestTimer : Event: type=TIMER (media)
INFO commTestTimer : Event: type=TIMER (have)
INFO commTestTimer : Event: type=TIMER (reported)
INFO commTestTimer : Event: type=TIMER (eyewitness)
INFO commTestTimer : Event: type=TIMER (accounts)
INFO commTestTimer : Event: type=TIMER (of)
INFO commTestTimer : Event: type=TIMER (a)
INFO commTestTimer : Event: type=TIMER (fiery)
INFO commTestTimer : Event: type=TIMER (ball)
